Archive member included to satisfy reference by file (symbol)

c:/st/stm32cubeide_1.4.0/stm32cubeide/plugins/com.st.stm32cube.ide.mcu.externaltools.gnu-tools-for-stm32.7-2018-q2-update.win32_1.4.0.202007081208/tools/bin/../lib/gcc/arm-none-eabi/7.3.1/../../../../arm-none-eabi/lib/thumb/v7-m\libc_nano.a(lib_a-errno.o)
                              Src/syscalls.o (__errno)
c:/st/stm32cubeide_1.4.0/stm32cubeide/plugins/com.st.stm32cube.ide.mcu.externaltools.gnu-tools-for-stm32.7-2018-q2-update.win32_1.4.0.202007081208/tools/bin/../lib/gcc/arm-none-eabi/7.3.1/../../../../arm-none-eabi/lib/thumb/v7-m\libc_nano.a(lib_a-exit.o)
                              c:/st/stm32cubeide_1.4.0/stm32cubeide/plugins/com.st.stm32cube.ide.mcu.externaltools.gnu-tools-for-stm32.7-2018-q2-update.win32_1.4.0.202007081208/tools/bin/../lib/gcc/arm-none-eabi/7.3.1/../../../../arm-none-eabi/lib/thumb/v7-m/crt0.o (exit)
c:/st/stm32cubeide_1.4.0/stm32cubeide/plugins/com.st.stm32cube.ide.mcu.externaltools.gnu-tools-for-stm32.7-2018-q2-update.win32_1.4.0.202007081208/tools/bin/../lib/gcc/arm-none-eabi/7.3.1/../../../../arm-none-eabi/lib/thumb/v7-m\libc_nano.a(lib_a-impure.o)
                              c:/st/stm32cubeide_1.4.0/stm32cubeide/plugins/com.st.stm32cube.ide.mcu.externaltools.gnu-tools-for-stm32.7-2018-q2-update.win32_1.4.0.202007081208/tools/bin/../lib/gcc/arm-none-eabi/7.3.1/../../../../arm-none-eabi/lib/thumb/v7-m\libc_nano.a(lib_a-exit.o) (_global_impure_ptr)
c:/st/stm32cubeide_1.4.0/stm32cubeide/plugins/com.st.stm32cube.ide.mcu.externaltools.gnu-tools-for-stm32.7-2018-q2-update.win32_1.4.0.202007081208/tools/bin/../lib/gcc/arm-none-eabi/7.3.1/../../../../arm-none-eabi/lib/thumb/v7-m\libc_nano.a(lib_a-init.o)
                              c:/st/stm32cubeide_1.4.0/stm32cubeide/plugins/com.st.stm32cube.ide.mcu.externaltools.gnu-tools-for-stm32.7-2018-q2-update.win32_1.4.0.202007081208/tools/bin/../lib/gcc/arm-none-eabi/7.3.1/../../../../arm-none-eabi/lib/thumb/v7-m/crt0.o (__libc_init_array)
c:/st/stm32cubeide_1.4.0/stm32cubeide/plugins/com.st.stm32cube.ide.mcu.externaltools.gnu-tools-for-stm32.7-2018-q2-update.win32_1.4.0.202007081208/tools/bin/../lib/gcc/arm-none-eabi/7.3.1/../../../../arm-none-eabi/lib/thumb/v7-m\libc_nano.a(lib_a-memset.o)
                              c:/st/stm32cubeide_1.4.0/stm32cubeide/plugins/com.st.stm32cube.ide.mcu.externaltools.gnu-tools-for-stm32.7-2018-q2-update.win32_1.4.0.202007081208/tools/bin/../lib/gcc/arm-none-eabi/7.3.1/../../../../arm-none-eabi/lib/thumb/v7-m/crt0.o (memset)
c:/st/stm32cubeide_1.4.0/stm32cubeide/plugins/com.st.stm32cube.ide.mcu.externaltools.gnu-tools-for-stm32.7-2018-q2-update.win32_1.4.0.202007081208/tools/bin/../lib/gcc/arm-none-eabi/7.3.1/../../../../arm-none-eabi/lib/thumb/v7-m\libc_nano.a(lib_a-strcmp.o)
                              AhmedLotfy_RTOS/Scheduler.o (strcmp)

Allocating common symbols
Common symbol       size              file

Global_SPI_Config2  0x18              Stm32_F103C6_Drivers/MCAL/SPI/Stm32_F103C6_SPI_Driver.o
OS_Control          0x1ac             AhmedLotfy_RTOS/Scheduler.o
IdleTask_LED        0x1               AhmedLotfy_RTOS/Scheduler.o
Ready_QUEUE         0x14              AhmedLotfy_RTOS/Scheduler.o
MYRTOS_idleTask     0x44              AhmedLotfy_RTOS/Scheduler.o
Global_TIM_Config   0x30              Stm32_F103C6_Drivers/MCAL/TIMER/Stm32_F103C8_TIM_Driver.o
SysTick_LED         0x1               AhmedLotfy_RTOS/CortexMX_OS_porting.o
Global_SPI_Config1  0x18              Stm32_F103C6_Drivers/MCAL/SPI/Stm32_F103C6_SPI_Driver.o
Delay_timer_config  0x10              Stm32_F103C6_Drivers/HAL/Delay/Delay.o
Ready_QUEUE_FIFO    0x190             AhmedLotfy_RTOS/Scheduler.o

Discarded input sections

 .text          0x0000000000000000        0x0 c:/st/stm32cubeide_1.4.0/stm32cubeide/plugins/com.st.stm32cube.ide.mcu.externaltools.gnu-tools-for-stm32.7-2018-q2-update.win32_1.4.0.202007081208/tools/bin/../lib/gcc/arm-none-eabi/7.3.1/thumb/v7-m/crti.o
 .data          0x0000000000000000        0x0 c:/st/stm32cubeide_1.4.0/stm32cubeide/plugins/com.st.stm32cube.ide.mcu.externaltools.gnu-tools-for-stm32.7-2018-q2-update.win32_1.4.0.202007081208/tools/bin/../lib/gcc/arm-none-eabi/7.3.1/thumb/v7-m/crti.o
 .bss           0x0000000000000000        0x0 c:/st/stm32cubeide_1.4.0/stm32cubeide/plugins/com.st.stm32cube.ide.mcu.externaltools.gnu-tools-for-stm32.7-2018-q2-update.win32_1.4.0.202007081208/tools/bin/../lib/gcc/arm-none-eabi/7.3.1/thumb/v7-m/crti.o
 .data          0x0000000000000000        0x4 c:/st/stm32cubeide_1.4.0/stm32cubeide/plugins/com.st.stm32cube.ide.mcu.externaltools.gnu-tools-for-stm32.7-2018-q2-update.win32_1.4.0.202007081208/tools/bin/../lib/gcc/arm-none-eabi/7.3.1/thumb/v7-m/crtbegin.o
[...]
Memory Configuration

Name             Origin             Length             Attributes
RAM              0x0000000020000000 0x0000000000002800 xrw
ROM              0x0000000008000000 0x0000000000008000 xr
*default*        0x0000000000000000 0xffffffffffffffff

Linker script and memory map

LOAD c:/st/stm32cubeide_1.4.0/stm32cubeide/plugins/com.st.stm32cube.ide.mcu.externaltools.gnu-tools-for-stm32.7-2018-q2-update.win32_1.4.0.202007081208/tools/bin/../lib/gcc/arm-none-eabi/7.3.1/thumb/v7-m/crti.o
LOAD c:/st/stm32cubeide_1.4.0/stm32cubeide/plugins/com.st.stm32cube.ide.mcu.externaltools.gnu-tools-for-stm32.7-2018-q2-update.win32_1.4.0.202007081208/tools/bin/../lib/gcc/arm-none-eabi/7.3.1/thumb/v7-m/crtbegin.o
LOAD c:/st/stm32cubeide_1.4.0/stm32cubeide/plugins/com.st.stm32cube.ide.mcu.externaltools.gnu-tools-for-stm32.7-2018-q2-update.win32_1.4.0.202007081208/tools/bin/../lib/gcc/arm-none-eabi/7.3.1/../../../../arm-none-eabi/lib/thumb/v7-m/crt0.o
LOAD AhmedLotfy_RTOS/CortexMX_OS_porting.o
LOAD AhmedLotfy_RTOS/MYRTOS_FIFO.o
LOAD AhmedLotfy_RTOS/Scheduler.o
LOAD Src/main.o
LOAD Src/syscalls.o
LOAD Src/sysmem.o
LOAD Startup/startup_stm32f103c6tx.o
LOAD Stm32_F103C6_Drivers/HAL/Delay/Delay.o
LOAD Stm32_F103C6_Drivers/HAL/EEPROM/I2C_Slave_EEPROM.o
LOAD Stm32_F103C6_Drivers/HAL/KPD_Driver/KPD_program.o
LOAD Stm32_F103C6_Drivers/HAL/LCD_Driver/LCD_program.o
LOAD Stm32_F103C6_Drivers/MCAL/EXTI/Stm32_F103C6_EXTI_Driver.o
LOAD Stm32_F103C6_Drivers/MCAL/GPIO/Stm32_F103C6_GPIO_Driver.o
LOAD Stm32_F103C6_Drivers/MCAL/I2C/Stm32_F103C6_I2C_Driver.o
LOAD Stm32_F103C6_Drivers/MCAL/RCC/Stm32_F103C6_RCC_Driver.o
LOAD Stm32_F103C6_Drivers/MCAL/SPI/Stm32_F103C6_SPI_Driver.o
LOAD Stm32_F103C6_Drivers/MCAL/TIMER/Stm32_F103C8_TIM_Driver.o
LOAD Stm32_F103C6_Drivers/MCAL/USART/Stm32_F103C6_USART_Driver.o
START GROUP
LOAD c:/st/stm32cubeide_1.4.0/stm32cubeide/plugins/com.st.stm32cube.ide.mcu.externaltools.gnu-tools-for-stm32.7-2018-q2-update.win32_1.4.0.202007081208/tools/bin/../lib/gcc/arm-none-eabi/7.3.1/../../../../arm-none-eabi/lib/thumb/v7-m\libc_nano.a
LOAD c:/st/stm32cubeide_1.4.0/stm32cubeide/plugins/com.st.stm32cube.ide.mcu.externaltools.gnu-tools-for-stm32.7-2018-q2-update.win32_1.4.0.202007081208/tools/bin/../lib/gcc/arm-none-eabi/7.3.1/../../../../arm-none-eabi/lib/thumb/v7-m\libm.a
END GROUP
START GROUP
LOAD c:/st/stm32cubeide_1.4.0/stm32cubeide/plugins/com.st.stm32cube.ide.mcu.externaltools.gnu-tools-for-stm32.7-2018-q2-update.win32_1.4.0.202007081208/tools/bin/../lib/gcc/arm-none-eabi/7.3.1/thumb/v7-m\libgcc.a
LOAD c:/st/stm32cubeide_1.4.0/stm32cubeide/plugins/com.st.stm32cube.ide.mcu.externaltools.gnu-tools-for-stm32.7-2018-q2-update.win32_1.4.0.202007081208/tools/bin/../lib/gcc/arm-none-eabi/7.3.1/../../../../arm-none-eabi/lib/thumb/v7-m\libg_nano.a
LOAD c:/st/stm32cubeide_1.4.0/stm32cubeide/plugins/com.st.stm32cube.ide.mcu.externaltools.gnu-tools-for-stm32.7-2018-q2-update.win32_1.4.0.202007081208/tools/bin/../lib/gcc/arm-none-eabi/7.3.1/../../../../arm-none-eabi/lib/thumb/v7-m\libc_nano.a
END GROUP
START GROUP
LOAD c:/st/stm32cubeide_1.4.0/stm32cubeide/plugins/com.st.stm32cube.ide.mcu.externaltools.gnu-tools-for-stm32.7-2018-q2-update.win32_1.4.0.202007081208/tools/bin/../lib/gcc/arm-none-eabi/7.3.1/thumb/v7-m\libgcc.a
LOAD c:/st/stm32cubeide_1.4.0/stm32cubeide/plugins/com.st.stm32cube.ide.mcu.externaltools.gnu-tools-for-stm32.7-2018-q2-update.win32_1.4.0.202007081208/tools/bin/../lib/gcc/arm-none-eabi/7.3.1/../../../../arm-none-eabi/lib/thumb/v7-m\libc_nano.a
LOAD c:/st/stm32cubeide_1.4.0/stm32cubeide/plugins/com.st.stm32cube.ide.mcu.externaltools.gnu-tools-for-stm32.7-2018-q2-update.win32_1.4.0.202007081208/tools/bin/../lib/gcc/arm-none-eabi/7.3.1/../../../../arm-none-eabi/lib/thumb/v7-m\libnosys.a
END GROUP
START GROUP
LOAD c:/st/stm32cubeide_1.4.0/stm32cubeide/plugins/com.st.stm32cube.ide.mcu.externaltools.gnu-tools-for-stm32.7-2018-q2-update.win32_1.4.0.202007081208/tools/bin/../lib/gcc/arm-none-eabi/7.3.1/thumb/v7-m\libgcc.a
LOAD c:/st/stm32cubeide_1.4.0/stm32cubeide/plugins/com.st.stm32cube.ide.mcu.externaltools.gnu-tools-for-stm32.7-2018-q2-update.win32_1.4.0.202007081208/tools/bin/../lib/gcc/arm-none-eabi/7.3.1/../../../../arm-none-eabi/lib/thumb/v7-m\libc_nano.a
LOAD c:/st/stm32cubeide_1.4.0/stm32cubeide/plugins/com.st.stm32cube.ide.mcu.externaltools.gnu-tools-for-stm32.7-2018-q2-update.win32_1.4.0.202007081208/tools/bin/../lib/gcc/arm-none-eabi/7.3.1/../../../../arm-none-eabi/lib/thumb/v7-m\libnosys.a
END GROUP
LOAD c:/st/stm32cubeide_1.4.0/stm32cubeide/plugins/com.st.stm32cube.ide.mcu.externaltools.gnu-tools-for-stm32.7-2018-q2-update.win32_1.4.0.202007081208/tools/bin/../lib/gcc/arm-none-eabi/7.3.1/thumb/v7-m/crtend.o
LOAD c:/st/stm32cubeide_1.4.0/stm32cubeide/plugins/com.st.stm32cube.ide.mcu.externaltools.gnu-tools-for-stm32.7-2018-q2-update.win32_1.4.0.202007081208/tools/bin/../lib/gcc/arm-none-eabi/7.3.1/thumb/v7-m/crtn.o
                0x0000000020002800                _estack = (ORIGIN (RAM) + LENGTH (RAM))
                0x0000000000000200                _Min_Heap_Size = 0x200
                0x0000000000000400                _Min_Stack_Size = 0x400

.isr_vector     0x0000000008000000      0x130
                0x0000000008000000                . = ALIGN (0x4)
 *(.isr_vector)
 .isr_vector    0x0000000008000000      0x130 Startup/startup_stm32f103c6tx.o
                0x0000000008000000                g_pfnVectors
                0x0000000008000130                . = ALIGN (0x4)

.text           0x0000000008000130     0x118c
                0x0000000008000130                . = ALIGN (0x4)
 *(.text)
 .text          0x0000000008000130       0x40 c:/st/stm32cubeide_1.4.0/stm32cubeide/plugins/com.st.stm32cube.ide.mcu.externaltools.gnu-tools-for-stm32.7-2018-q2-update.win32_1.4.0.202007081208/tools/bin/../lib/gcc/arm-none-eabi/7.3.1/thumb/v7-m/crtbegin.o
 .text          0x0000000008000170       0x14 c:/st/stm32cubeide_1.4.0/stm32cubeide/plugins/com.st.stm32cube.ide.mcu.externaltools.gnu-tools-for-stm32.7-2018-q2-update.win32_1.4.0.202007081208/tools/bin/../lib/gcc/arm-none-eabi/7.3.1/../../../../arm-none-eabi/lib/thumb/v7-m\libc_nano.a(lib_a-strcmp.o)
                0x0000000008000170                strcmp
 *(.text*)
 .text.HardFault_Handler
                0x0000000008000184        0x6 AhmedLotfy_RTOS/CortexMX_OS_porting.o
                0x0000000008000184                HardFault_Handler
 .text.MemManage_Handler
                0x000000000800018a        0x6 AhmedLotfy_RTOS/CortexMX_OS_porting.o
                0x000000000800018a                MemManage_Handler
 .text.BusFault_Handler
                0x0000000008000190        0x6 AhmedLotfy_RTOS/CortexMX_OS_porting.o
                0x0000000008000190                BusFault_Handler
 .text.UsageFault_Handler
                0x0000000008000196        0x6 AhmedLotfy_RTOS/CortexMX_OS_porting.o
                0x0000000008000196                UsageFault_Handler
 .text.SVC_Handler
                0x000000000800019c       0x14 AhmedLotfy_RTOS/CortexMX_OS_porting.o
                0x000000000800019c                SVC_Handler
 .text.trigger_OS_PendSV
                0x00000000080001b0       0x1c AhmedLotfy_RTOS/CortexMX_OS_porting.o
                0x00000000080001b0                trigger_OS_PendSV
 .text.SysTick_Handler
                0x00000000080001cc       0x28 AhmedLotfy_RTOS/CortexMX_OS_porting.o
                0x00000000080001cc                SysTick_Handler
 .text.FIFO_enqueue
                0x00000000080001f4       0x84 AhmedLotfy_RTOS/MYRTOS_FIFO.o
                0x00000000080001f4                FIFO_enqueue
 .text.FIFO_dequeue
                0x0000000008000278       0x7a AhmedLotfy_RTOS/MYRTOS_FIFO.o
                0x0000000008000278                FIFO_dequeue
 *fill*         0x00000000080002f2        0x2 
 .text.PendSV_Handler
                0x00000000080002f4      0x1c4 AhmedLotfy_RTOS/Scheduler.o
                0x00000000080002f4                PendSV_Handler
 .text.bubbleSort
                0x00000000080004b8       0x90 AhmedLotfy_RTOS/Scheduler.o
                0x00000000080004b8                bubbleSort
 .text.MYRTOS_Update_Schadule_Tables
                0x0000000008000548       0xd0 AhmedLotfy_RTOS/Scheduler.o
                0x0000000008000548                MYRTOS_Update_Schadule_Tables
 .text.Decide_WhatNext
                0x0000000008000618       0xa4 AhmedLotfy_RTOS/Scheduler.o
                0x0000000008000618                Decide_WhatNext
 .text.OS_SVC   0x00000000080006bc       0x6c AhmedLotfy_RTOS/Scheduler.o
                0x00000000080006bc                OS_SVC
 .text.MYRTOS_OS_SVC_Set
                0x0000000008000728       0x30 AhmedLotfy_RTOS/Scheduler.o
                0x0000000008000728                MYRTOS_OS_SVC_Set
 .text.MYRTOS_Update_TaskWaiting_Time
                0x0000000008000758       0x88 AhmedLotfy_RTOS/Scheduler.o
                0x0000000008000758                MYRTOS_Update_TaskWaiting_Time
 .text.clock_init
                0x00000000080007e0       0x34 Src/main.o
                0x00000000080007e0                clock_init
 .text.main     0x0000000008000814       0x30 Src/main.o
                0x0000000008000814                main
 .text.Reset_Handler
                0x0000000008000844       0x50 Startup/startup_stm32f103c6tx.o
                0x0000000008000844                Reset_Handler
 .text.Default_Handler
                0x0000000008000894        0x2 Startup/startup_stm32f103c6tx.o
                0x0000000008000894                TIM8_TRG_COM_IRQHandler
                0x0000000008000894                TIM8_CC_IRQHandler
                0x0000000008000894                DebugMon_Handler
                0x0000000008000894                TIM1_CC_IRQHandler
                0x0000000008000894                TIM6_IRQHandler
                0x0000000008000894                PVD_IRQHandler
                0x0000000008000894                SDIO_IRQHandler
                0x0000000008000894                NMI_Handler
                0x0000000008000894                USB_HP_CAN_TX_IRQHandler
                0x0000000008000894                ADC1_2_IRQHandler
                0x0000000008000894                CAN_SCE_IRQHandler
                0x0000000008000894                TAMPER_IRQHandler
                0x0000000008000894                TIM8_UP_IRQHandler
                0x0000000008000894                DMA2_Channel2_IRQHandler
                0x0000000008000894                DMA1_Channel4_IRQHandler
                0x0000000008000894                RTC_IRQHandler
                0x0000000008000894                DMA1_Channel7_IRQHandler
                0x0000000008000894                UART5_IRQHandler
                0x0000000008000894                ADC3_IRQHandler
                0x0000000008000894                CAN_RX1_IRQHandler
                0x0000000008000894                DMA2_Channel1_IRQHandler
                0x0000000008000894                DMA1_Channel6_IRQHandler
                0x0000000008000894                UART4_IRQHandler
                0x0000000008000894                RCC_IRQHandler
                0x0000000008000894                TIM1_TRG_COM_IRQHandler
                0x0000000008000894                DMA1_Channel1_IRQHandler
                0x0000000008000894                Default_Handler
                0x0000000008000894                TIM7_IRQHandler
                0x0000000008000894                TIM5_IRQHandler
                0x0000000008000894                USB_LP_CAN_RX0_IRQHandler
                0x0000000008000894                DMA1_Channel5_IRQHandler
                0x0000000008000894                DMA1_Channel3_IRQHandler
                0x0000000008000894                FSMC_IRQHandler
                0x0000000008000894                TIM1_UP_IRQHandler
                0x0000000008000894                WWDG_IRQHandler
                0x0000000008000894                TIM1_BRK_IRQHandler
                0x0000000008000894                RTCAlarm_IRQHandler
                0x0000000008000894                DMA2_Channel4_5_IRQHandler
                0x0000000008000894                DMA1_Channel2_IRQHandler
                0x0000000008000894                TIM8_BRK_IRQHandler
                0x0000000008000894                FLASH_IRQHandler
                0x0000000008000894                SPI3_IRQHandler
                0x0000000008000894                DMA2_Channel3_IRQHandler
 *fill*         0x0000000008000896        0x2 
 .text.HAL_Delay_Init
                0x0000000008000898       0x44 Stm32_F103C6_Drivers/HAL/Delay/Delay.o
                0x0000000008000898                HAL_Delay_Init
 .text.Delay_us
                0x00000000080008dc       0x52 Stm32_F103C6_Drivers/HAL/Delay/Delay.o
                0x00000000080008dc                Delay_us
 *fill*         0x000000000800092e        0x2 
 .text.EXTI0_IRQHandler
                0x0000000008000930       0x24 Stm32_F103C6_Drivers/MCAL/EXTI/Stm32_F103C6_EXTI_Driver.o
                0x0000000008000930                EXTI0_IRQHandler
 .text.EXTI1_IRQHandler
                0x0000000008000954       0x24 Stm32_F103C6_Drivers/MCAL/EXTI/Stm32_F103C6_EXTI_Driver.o
                0x0000000008000954                EXTI1_IRQHandler
 .text.EXTI2_IRQHandler
                0x0000000008000978       0x24 Stm32_F103C6_Drivers/MCAL/EXTI/Stm32_F103C6_EXTI_Driver.o
                0x0000000008000978                EXTI2_IRQHandler
 .text.EXTI3_IRQHandler
                0x000000000800099c       0x24 Stm32_F103C6_Drivers/MCAL/EXTI/Stm32_F103C6_EXTI_Driver.o
                0x000000000800099c                EXTI3_IRQHandler
 .text.EXTI4_IRQHandler
                0x00000000080009c0       0x24 Stm32_F103C6_Drivers/MCAL/EXTI/Stm32_F103C6_EXTI_Driver.o
                0x00000000080009c0                EXTI4_IRQHandler
 .text.EXTI9_5_IRQHandler
                0x00000000080009e4       0xa8 Stm32_F103C6_Drivers/MCAL/EXTI/Stm32_F103C6_EXTI_Driver.o
                0x00000000080009e4                EXTI9_5_IRQHandler
 .text.EXTI15_10_IRQHandler
                0x0000000008000a8c       0xc4 Stm32_F103C6_Drivers/MCAL/EXTI/Stm32_F103C6_EXTI_Driver.o
                0x0000000008000a8c                EXTI15_10_IRQHandler
 .text.Get_CRLH_Position
                0x0000000008000b50       0xc6 Stm32_F103C6_Drivers/MCAL/GPIO/Stm32_F103C6_GPIO_Driver.o
                0x0000000008000b50                Get_CRLH_Position
 .text.MCAL_GPIO_Init
                0x0000000008000c16       0xfe Stm32_F103C6_Drivers/MCAL/GPIO/Stm32_F103C6_GPIO_Driver.o
                0x0000000008000c16                MCAL_GPIO_Init
 .text.Slave_States
                0x0000000008000d14       0xe0 Stm32_F103C6_Drivers/MCAL/I2C/Stm32_F103C6_I2C_Driver.o
                0x0000000008000d14                Slave_States
 .text.I2C1_EV_IRQHandler
                0x0000000008000df4       0xe4 Stm32_F103C6_Drivers/MCAL/I2C/Stm32_F103C6_I2C_Driver.o
                0x0000000008000df4                I2C1_EV_IRQHandler
 .text.I2C1_ER_IRQHandler
                0x0000000008000ed8        0xc Stm32_F103C6_Drivers/MCAL/I2C/Stm32_F103C6_I2C_Driver.o
                0x0000000008000ed8                I2C1_ER_IRQHandler
 .text.I2C2_EV_IRQHandler
                0x0000000008000ee4        0xc Stm32_F103C6_Drivers/MCAL/I2C/Stm32_F103C6_I2C_Driver.o
                0x0000000008000ee4                I2C2_EV_IRQHandler
 .text.I2C2_ER_IRQHandler
                0x0000000008000ef0        0xc Stm32_F103C6_Drivers/MCAL/I2C/Stm32_F103C6_I2C_Driver.o
                0x0000000008000ef0                I2C2_ER_IRQHandler
 .text.SPI1_IRQHandler
                0x0000000008000efc       0x5c Stm32_F103C6_Drivers/MCAL/SPI/Stm32_F103C6_SPI_Driver.o
                0x0000000008000efc                SPI1_IRQHandler
 .text.SPI2_IRQHandler
                0x0000000008000f58       0x5c Stm32_F103C6_Drivers/MCAL/SPI/Stm32_F103C6_SPI_Driver.o
                0x0000000008000f58                SPI2_IRQHandler
 .text.MCAL_TIM_Init
                0x0000000008000fb4      0x1a4 Stm32_F103C6_Drivers/MCAL/TIMER/Stm32_F103C8_TIM_Driver.o
                0x0000000008000fb4                MCAL_TIM_Init
 .text.MCAL_TIM_Start
                0x0000000008001158       0x28 Stm32_F103C6_Drivers/MCAL/TIMER/Stm32_F103C8_TIM_Driver.o
                0x0000000008001158                MCAL_TIM_Start
 .text.MCAL_TIM_Stop
                0x0000000008001180       0x28 Stm32_F103C6_Drivers/MCAL/TIMER/Stm32_F103C8_TIM_Driver.o
                0x0000000008001180                MCAL_TIM_Stop
 .text.MCAL_TIM_Count_Reset
                0x00000000080011a8       0x24 Stm32_F103C6_Drivers/MCAL/TIMER/Stm32_F103C8_TIM_Driver.o
                0x00000000080011a8                MCAL_TIM_Count_Reset
 .text.TIM2_IRQHandler
                0x00000000080011cc       0x1c Stm32_F103C6_Drivers/MCAL/TIMER/Stm32_F103C8_TIM_Driver.o
                0x00000000080011cc                TIM2_IRQHandler
 .text.TIM3_IRQHandler
                0x00000000080011e8       0x1c Stm32_F103C6_Drivers/MCAL/TIMER/Stm32_F103C8_TIM_Driver.o
                0x00000000080011e8                TIM3_IRQHandler
 .text.TIM4_IRQHandler
                0x0000000008001204       0x1c Stm32_F103C6_Drivers/MCAL/TIMER/Stm32_F103C8_TIM_Driver.o
                0x0000000008001204                TIM4_IRQHandler
 .text.USART1_IRQHandler
                0x0000000008001220       0x14 Stm32_F103C6_Drivers/MCAL/USART/Stm32_F103C6_USART_Driver.o
                0x0000000008001220                USART1_IRQHandler
 .text.USART2_IRQHandler
                0x0000000008001234       0x14 Stm32_F103C6_Drivers/MCAL/USART/Stm32_F103C6_USART_Driver.o
                0x0000000008001234                USART2_IRQHandler
 .text.USART3_IRQHandler
                0x0000000008001248       0x14 Stm32_F103C6_Drivers/MCAL/USART/Stm32_F103C6_USART_Driver.o
                0x0000000008001248                USART3_IRQHandler
 .text.__libc_init_array
                0x000000000800125c       0x48 c:/st/stm32cubeide_1.4.0/stm32cubeide/plugins/com.st.stm32cube.ide.mcu.externaltools.gnu-tools-for-stm32.7-2018-q2-update.win32_1.4.0.202007081208/tools/bin/../lib/gcc/arm-none-eabi/7.3.1/../../../../arm-none-eabi/lib/thumb/v7-m\libc_nano.a(lib_a-init.o)
                0x000000000800125c                __libc_init_array
 *(.glue_7)
 .glue_7        0x00000000080012a4        0x0 linker stubs
 *(.glue_7t)
 .glue_7t       0x00000000080012a4        0x0 linker stubs
 *(.eh_frame)
 .eh_frame      0x00000000080012a4        0x0 c:/st/stm32cubeide_1.4.0/stm32cubeide/plugins/com.st.stm32cube.ide.mcu.externaltools.gnu-tools-for-stm32.7-2018-q2-update.win32_1.4.0.202007081208/tools/bin/../lib/gcc/arm-none-eabi/7.3.1/thumb/v7-m/crtbegin.o
 *(.init)
 .init          0x00000000080012a4        0x4 c:/st/stm32cubeide_1.4.0/stm32cubeide/plugins/com.st.stm32cube.ide.mcu.externaltools.gnu-tools-for-stm32.7-2018-q2-update.win32_1.4.0.202007081208/tools/bin/../lib/gcc/arm-none-eabi/7.3.1/thumb/v7-m/crti.o
                0x00000000080012a4                _init
 .init          0x00000000080012a8        0x8 c:/st/stm32cubeide_1.4.0/stm32cubeide/plugins/com.st.stm32cube.ide.mcu.externaltools.gnu-tools-for-stm32.7-2018-q2-update.win32_1.4.0.202007081208/tools/bin/../lib/gcc/arm-none-eabi/7.3.1/thumb/v7-m/crtn.o
 *(.fini)
 .fini          0x00000000080012b0        0x4 c:/st/stm32cubeide_1.4.0/stm32cubeide/plugins/com.st.stm32cube.ide.mcu.externaltools.gnu-tools-for-stm32.7-2018-q2-update.win32_1.4.0.202007081208/tools/bin/../lib/gcc/arm-none-eabi/7.3.1/thumb/v7-m/crti.o
                0x00000000080012b0                _fini
 .fini          0x00000000080012b4        0x8 c:/st/stm32cubeide_1.4.0/stm32cubeide/plugins/com.st.stm32cube.ide.mcu.externaltools.gnu-tools-for-stm32.7-2018-q2-update.win32_1.4.0.202007081208/tools/bin/../lib/gcc/arm-none-eabi/7.3.1/thumb/v7-m/crtn.o
                0x00000000080012bc                . = ALIGN (0x4)
                0x00000000080012bc                _etext = .

.vfp11_veneer   0x00000000080012bc        0x0
 .vfp11_veneer  0x00000000080012bc        0x0 linker stubs

.v4_bx          0x00000000080012bc        0x0
 .v4_bx         0x00000000080012bc        0x0 linker stubs

.iplt           0x00000000080012bc        0x0
 .iplt          0x00000000080012bc        0x0 c:/st/stm32cubeide_1.4.0/stm32cubeide/plugins/com.st.stm32cube.ide.mcu.externaltools.gnu-tools-for-stm32.7-2018-q2-update.win32_1.4.0.202007081208/tools/bin/../lib/gcc/arm-none-eabi/7.3.1/thumb/v7-m/crtbegin.o

.rodata         0x00000000080012bc        0xc
                0x00000000080012bc                . = ALIGN (0x4)
 *(.rodata)
 .rodata        0x00000000080012bc        0x9 AhmedLotfy_RTOS/Scheduler.o
 *(.rodata*)
                0x00000000080012c8                . = ALIGN (0x4)
 *fill*         0x00000000080012c5        0x3 

.rel.dyn        0x00000000080012c8        0x0
 .rel.iplt      0x00000000080012c8        0x0 c:/st/stm32cubeide_1.4.0/stm32cubeide/plugins/com.st.stm32cube.ide.mcu.externaltools.gnu-tools-for-stm32.7-2018-q2-update.win32_1.4.0.202007081208/tools/bin/../lib/gcc/arm-none-eabi/7.3.1/thumb/v7-m/crtbegin.o

.ARM.extab      0x00000000080012c8        0x0
                0x00000000080012c8                . = ALIGN (0x4)
 *(.ARM.extab* .gnu.linkonce.armextab.*)
                0x00000000080012c8                . = ALIGN (0x4)

.ARM            0x00000000080012c8        0x0
                0x00000000080012c8                . = ALIGN (0x4)
                0x00000000080012c8                __exidx_start = .
 *(.ARM.exidx*)
                0x00000000080012c8                __exidx_end = .
                0x00000000080012c8                . = ALIGN (0x4)

.preinit_array  0x00000000080012c8        0x0
                0x00000000080012c8                . = ALIGN (0x4)
                0x00000000080012c8                PROVIDE (__preinit_array_start = .)
 *(.preinit_array*)
                0x00000000080012c8                PROVIDE (__preinit_array_end = .)
                0x00000000080012c8                . = ALIGN (0x4)

.init_array     0x00000000080012c8        0x4
                0x00000000080012c8                . = ALIGN (0x4)
                0x00000000080012c8                PROVIDE (__init_array_start = .)
 *(SORT_BY_NAME(.init_array.*))
 *(.init_array*)
 .init_array    0x00000000080012c8        0x4 c:/st/stm32cubeide_1.4.0/stm32cubeide/plugins/com.st.stm32cube.ide.mcu.externaltools.gnu-tools-for-stm32.7-2018-q2-update.win32_1.4.0.202007081208/tools/bin/../lib/gcc/arm-none-eabi/7.3.1/thumb/v7-m/crtbegin.o
                0x00000000080012cc                PROVIDE (__init_array_end = .)
                0x00000000080012cc                . = ALIGN (0x4)

.fini_array     0x00000000080012cc        0x4
                0x00000000080012cc                . = ALIGN (0x4)
                [!provide]                        PROVIDE (__fini_array_start = .)
 *(SORT_BY_NAME(.fini_array.*))
 *(.fini_array*)
 .fini_array    0x00000000080012cc        0x4 c:/st/stm32cubeide_1.4.0/stm32cubeide/plugins/com.st.stm32cube.ide.mcu.externaltools.gnu-tools-for-stm32.7-2018-q2-update.win32_1.4.0.202007081208/tools/bin/../lib/gcc/arm-none-eabi/7.3.1/thumb/v7-m/crtbegin.o
                [!provide]                        PROVIDE (__fini_array_end = .)
                0x00000000080012d0                . = ALIGN (0x4)
                0x00000000080012d0                _sidata = LOADADDR (.data)

.data           0x0000000020000000        0x0 load address 0x00000000080012d0
                0x0000000020000000                . = ALIGN (0x4)
                0x0000000020000000                _sdata = .
 *(.data)
 *(.data*)
                0x0000000020000000                . = ALIGN (0x4)
                0x0000000020000000                _edata = .

.igot.plt       0x0000000020000000        0x0 load address 0x00000000080012d0
 .igot.plt      0x0000000020000000        0x0 c:/st/stm32cubeide_1.4.0/stm32cubeide/plugins/com.st.stm32cube.ide.mcu.externaltools.gnu-tools-for-stm32.7-2018-q2-update.win32_1.4.0.202007081208/tools/bin/../lib/gcc/arm-none-eabi/7.3.1/thumb/v7-m/crtbegin.o
                0x0000000020000000                . = ALIGN (0x4)

.bss            0x0000000020000000      0x488 load address 0x00000000080012d0
                0x0000000020000000                _sbss = .
                0x0000000020000000                __bss_start__ = _sbss
 *(.bss)
 .bss           0x0000000020000000       0x1c c:/st/stm32cubeide_1.4.0/stm32cubeide/plugins/com.st.stm32cube.ide.mcu.externaltools.gnu-tools-for-stm32.7-2018-q2-update.win32_1.4.0.202007081208/tools/bin/../lib/gcc/arm-none-eabi/7.3.1/thumb/v7-m/crtbegin.o
 *(.bss*)
 .bss.GP_IRQ_CallBack
                0x000000002000001c       0x3c Stm32_F103C6_Drivers/MCAL/EXTI/Stm32_F103C6_EXTI_Driver.o
 .bss.Global_I2C_Config
                0x0000000020000058       0x48 Stm32_F103C6_Drivers/MCAL/I2C/Stm32_F103C6_I2C_Driver.o
                0x0000000020000058                Global_I2C_Config
 .bss.Global_SPI_Config
                0x00000000200000a0        0x8 Stm32_F103C6_Drivers/MCAL/SPI/Stm32_F103C6_SPI_Driver.o
                0x00000000200000a0                Global_SPI_Config
 .bss.Global_UART_Config
                0x00000000200000a8        0x4 Stm32_F103C6_Drivers/MCAL/USART/Stm32_F103C6_USART_Driver.o
                0x00000000200000a8                Global_UART_Config
 *(COMMON)
 COMMON         0x00000000200000ac        0x1 AhmedLotfy_RTOS/CortexMX_OS_porting.o
                0x00000000200000ac                SysTick_LED
 *fill*         0x00000000200000ad        0x3 
 COMMON         0x00000000200000b0      0x398 AhmedLotfy_RTOS/Scheduler.o
                0x00000000200000b0                OS_Control
                0x000000002000025c                IdleTask_LED
                0x0000000020000260                Ready_QUEUE
                0x0000000020000274                MYRTOS_idleTask
                0x00000000200002b8                Ready_QUEUE_FIFO
 COMMON         0x0000000020000448       0x10 Stm32_F103C6_Drivers/HAL/Delay/Delay.o
                0x0000000020000448                Delay_timer_config
 COMMON         0x0000000020000458       0x30 Stm32_F103C6_Drivers/MCAL/TIMER/Stm32_F103C8_TIM_Driver.o
                0x0000000020000458                Global_TIM_Config
                0x0000000020000488                . = ALIGN (0x4)
                0x0000000020000488                _ebss = .
                0x0000000020000488                __bss_end__ = _ebss

._user_heap_stack
                0x0000000020000488      0x600 load address 0x00000000080012d0
                0x0000000020000488                . = ALIGN (0x8)
                [!provide]                        PROVIDE (end = .)
                0x0000000020000488                PROVIDE (_end = .)
                0x0000000020000688                . = (. + _Min_Heap_Size)
 *fill*         0x0000000020000488      0x200 
                0x0000000020000a88                . = (. + _Min_Stack_Size)
 *fill*         0x0000000020000688      0x400 
                0x0000000020000a88                . = ALIGN (0x8)

/DISCARD/
 libc.a(*)
 libm.a(*)
 libgcc.a(*)

.ARM.attributes
                0x0000000000000000       0x29
 *(.ARM.attributes)
 .ARM.attributes
                0x0000000000000000       0x1d c:/st/stm32cubeide_1.4.0/stm32cubeide/plugins/com.st.stm32cube.ide.mcu.externaltools.gnu-tools-for-stm32.7-2018-q2-update.win32_1.4.0.202007081208/tools/bin/../lib/gcc/arm-none-eabi/7.3.1/thumb/v7-m/crti.o
 .ARM.attributes
                0x000000000000001d       0x2d c:/st/stm32cubeide_1.4.0/stm32cubeide/plugins/com.st.stm32cube.ide.mcu.externaltools.gnu-tools-for-stm32.7-2018-q2-update.win32_1.4.0.202007081208/tools/bin/../lib/gcc/arm-none-eabi/7.3.1/thumb/v7-m/crtbegin.o
 .ARM.attributes
                0x000000000000004a       0x33 AhmedLotfy_RTOS/CortexMX_OS_porting.o
 .ARM.attributes
                0x000000000000007d       0x33 AhmedLotfy_RTOS/MYRTOS_FIFO.o
 .ARM.attributes
                0x00000000000000b0       0x33 AhmedLotfy_RTOS/Scheduler.o
 .ARM.attributes
                0x00000000000000e3       0x33 Src/main.o
 .ARM.attributes
                0x0000000000000116       0x21 Startup/startup_stm32f103c6tx.o
 .ARM.attributes
                0x0000000000000137       0x33 Stm32_F103C6_Drivers/HAL/Delay/Delay.o
 .ARM.attributes
                0x000000000000016a       0x33 Stm32_F103C6_Drivers/MCAL/EXTI/Stm32_F103C6_EXTI_Driver.o
 .ARM.attributes
                0x000000000000019d       0x33 Stm32_F103C6_Drivers/MCAL/GPIO/Stm32_F103C6_GPIO_Driver.o
 .ARM.attributes
                0x00000000000001d0       0x33 Stm32_F103C6_Drivers/MCAL/I2C/Stm32_F103C6_I2C_Driver.o
 .ARM.attributes
                0x0000000000000203       0x33 Stm32_F103C6_Drivers/MCAL/SPI/Stm32_F103C6_SPI_Driver.o
 .ARM.attributes
                0x0000000000000236       0x33 Stm32_F103C6_Drivers/MCAL/TIMER/Stm32_F103C8_TIM_Driver.o
 .ARM.attributes
                0x0000000000000269       0x33 Stm32_F103C6_Drivers/MCAL/USART/Stm32_F103C6_USART_Driver.o
 .ARM.attributes
                0x000000000000029c       0x2d c:/st/stm32cubeide_1.4.0/stm32cubeide/plugins/com.st.stm32cube.ide.mcu.externaltools.gnu-tools-for-stm32.7-2018-q2-update.win32_1.4.0.202007081208/tools/bin/../lib/gcc/arm-none-eabi/7.3.1/../../../../arm-none-eabi/lib/thumb/v7-m\libc_nano.a(lib_a-init.o)
 .ARM.attributes
                0x00000000000002c9       0x1b c:/st/stm32cubeide_1.4.0/stm32cubeide/plugins/com.st.stm32cube.ide.mcu.externaltools.gnu-tools-for-stm32.7-2018-q2-update.win32_1.4.0.202007081208/tools/bin/../lib/gcc/arm-none-eabi/7.3.1/../../../../arm-none-eabi/lib/thumb/v7-m\libc_nano.a(lib_a-strcmp.o)
 .ARM.attributes
                0x00000000000002e4       0x1d c:/st/stm32cubeide_1.4.0/stm32cubeide/plugins/com.st.stm32cube.ide.mcu.externaltools.gnu-tools-for-stm32.7-2018-q2-update.win32_1.4.0.202007081208/tools/bin/../lib/gcc/arm-none-eabi/7.3.1/thumb/v7-m/crtn.o
OUTPUT(Drivers.axf elf32-littlearm)

.debug_info     0x0000000000000000     0x9392
 .debug_info    0x0000000000000000      0x633 AhmedLotfy_RTOS/CortexMX_OS_porting.o
 .debug_info    0x0000000000000633      0xc93 AhmedLotfy_RTOS/MYRTOS_FIFO.o
 .debug_info    0x00000000000012c6     0x106e AhmedLotfy_RTOS/Scheduler.o
 .debug_info    0x0000000000002334      0xb9e Src/main.o
 .debug_info    0x0000000000002ed2       0x22 Startup/startup_stm32f103c6tx.o
 .debug_info    0x0000000000002ef4      0xbfd Stm32_F103C6_Drivers/HAL/Delay/Delay.o
 .debug_info    0x0000000000003af1      0xdbc Stm32_F103C6_Drivers/MCAL/EXTI/Stm32_F103C6_EXTI_Driver.o
 .debug_info    0x00000000000048ad      0xd84 Stm32_F103C6_Drivers/MCAL/GPIO/Stm32_F103C6_GPIO_Driver.o
 .debug_info    0x0000000000005631     0x12a5 Stm32_F103C6_Drivers/MCAL/I2C/Stm32_F103C6_I2C_Driver.o
 .debug_info    0x00000000000068d6      0xf2d Stm32_F103C6_Drivers/MCAL/SPI/Stm32_F103C6_SPI_Driver.o
 .debug_info    0x0000000000007803      0xd96 Stm32_F103C6_Drivers/MCAL/TIMER/Stm32_F103C8_TIM_Driver.o
 .debug_info    0x0000000000008599      0xdf9 Stm32_F103C6_Drivers/MCAL/USART/Stm32_F103C6_USART_Driver.o

.debug_abbrev   0x0000000000000000     0x1740
 .debug_abbrev  0x0000000000000000      0x1dc AhmedLotfy_RTOS/CortexMX_OS_porting.o
 .debug_abbrev  0x00000000000001dc      0x1cf AhmedLotfy_RTOS/MYRTOS_FIFO.o
 .debug_abbrev  0x00000000000003ab      0x312 AhmedLotfy_RTOS/Scheduler.o
 .debug_abbrev  0x00000000000006bd      0x199 Src/main.o
 .debug_abbrev  0x0000000000000856       0x12 Startup/startup_stm32f103c6tx.o
 .debug_abbrev  0x0000000000000868      0x1b7 Stm32_F103C6_Drivers/HAL/Delay/Delay.o
 .debug_abbrev  0x0000000000000a1f      0x1fb Stm32_F103C6_Drivers/MCAL/EXTI/Stm32_F103C6_EXTI_Driver.o
 .debug_abbrev  0x0000000000000c1a      0x232 Stm32_F103C6_Drivers/MCAL/GPIO/Stm32_F103C6_GPIO_Driver.o
 .debug_abbrev  0x0000000000000e4c      0x294 Stm32_F103C6_Drivers/MCAL/I2C/Stm32_F103C6_I2C_Driver.o
 .debug_abbrev  0x00000000000010e0      0x254 Stm32_F103C6_Drivers/MCAL/SPI/Stm32_F103C6_SPI_Driver.o
 .debug_abbrev  0x0000000000001334      0x1f8 Stm32_F103C6_Drivers/MCAL/TIMER/Stm32_F103C8_TIM_Driver.o
 .debug_abbrev  0x000000000000152c      0x214 Stm32_F103C6_Drivers/MCAL/USART/Stm32_F103C6_USART_Driver.o

.debug_loc      0x0000000000000000     0x1ea0
 .debug_loc     0x0000000000000000      0x224 AhmedLotfy_RTOS/CortexMX_OS_porting.o
 .debug_loc     0x0000000000000224      0x1cc AhmedLotfy_RTOS/MYRTOS_FIFO.o
 .debug_loc     0x00000000000003f0      0x4fc AhmedLotfy_RTOS/Scheduler.o
 .debug_loc     0x00000000000008ec       0x7c Src/main.o
 .debug_loc     0x0000000000000968      0x11c Stm32_F103C6_Drivers/HAL/Delay/Delay.o
 .debug_loc     0x0000000000000a84      0x320 Stm32_F103C6_Drivers/MCAL/EXTI/Stm32_F103C6_EXTI_Driver.o
 .debug_loc     0x0000000000000da4      0x38c Stm32_F103C6_Drivers/MCAL/GPIO/Stm32_F103C6_GPIO_Driver.o
 .debug_loc     0x0000000000001130      0x580 Stm32_F103C6_Drivers/MCAL/I2C/Stm32_F103C6_I2C_Driver.o
 .debug_loc     0x00000000000016b0      0x2bc Stm32_F103C6_Drivers/MCAL/SPI/Stm32_F103C6_SPI_Driver.o
 .debug_loc     0x000000000000196c      0x2a0 Stm32_F103C6_Drivers/MCAL/TIMER/Stm32_F103C8_TIM_Driver.o
 .debug_loc     0x0000000000001c0c      0x294 Stm32_F103C6_Drivers/MCAL/USART/Stm32_F103C6_USART_Driver.o

.debug_aranges  0x0000000000000000      0x480
 .debug_aranges
                0x0000000000000000       0x70 AhmedLotfy_RTOS/CortexMX_OS_porting.o
 .debug_aranges
                0x0000000000000070       0x40 AhmedLotfy_RTOS/MYRTOS_FIFO.o
 .debug_aranges
                0x00000000000000b0       0xa8 AhmedLotfy_RTOS/Scheduler.o
 .debug_aranges
                0x0000000000000158       0x28 Src/main.o
 .debug_aranges
                0x0000000000000180       0x28 Startup/startup_stm32f103c6tx.o
 .debug_aranges
                0x00000000000001a8       0x38 Stm32_F103C6_Drivers/HAL/Delay/Delay.o
 .debug_aranges
                0x00000000000001e0       0x80 Stm32_F103C6_Drivers/MCAL/EXTI/Stm32_F103C6_EXTI_Driver.o
 .debug_aranges
                0x0000000000000260       0x68 Stm32_F103C6_Drivers/MCAL/GPIO/Stm32_F103C6_GPIO_Driver.o
 .debug_aranges
                0x00000000000002c8       0xa0 Stm32_F103C6_Drivers/MCAL/I2C/Stm32_F103C6_I2C_Driver.o
 .debug_aranges
                0x0000000000000368       0x58 Stm32_F103C6_Drivers/MCAL/SPI/Stm32_F103C6_SPI_Driver.o
 .debug_aranges
                0x00000000000003c0       0x60 Stm32_F103C6_Drivers/MCAL/TIMER/Stm32_F103C8_TIM_Driver.o
 .debug_aranges
                0x0000000000000420       0x60 Stm32_F103C6_Drivers/MCAL/USART/Stm32_F103C6_USART_Driver.o

.debug_ranges   0x0000000000000000      0x3c8
 .debug_ranges  0x0000000000000000       0x60 AhmedLotfy_RTOS/CortexMX_OS_porting.o
 .debug_ranges  0x0000000000000060       0x30 AhmedLotfy_RTOS/MYRTOS_FIFO.o
 .debug_ranges  0x0000000000000090       0x98 AhmedLotfy_RTOS/Scheduler.o
 .debug_ranges  0x0000000000000128       0x18 Src/main.o
 .debug_ranges  0x0000000000000140       0x20 Startup/startup_stm32f103c6tx.o
 .debug_ranges  0x0000000000000160       0x28 Stm32_F103C6_Drivers/HAL/Delay/Delay.o
 .debug_ranges  0x0000000000000188       0x70 Stm32_F103C6_Drivers/MCAL/EXTI/Stm32_F103C6_EXTI_Driver.o
 .debug_ranges  0x00000000000001f8       0x58 Stm32_F103C6_Drivers/MCAL/GPIO/Stm32_F103C6_GPIO_Driver.o
 .debug_ranges  0x0000000000000250       0x90 Stm32_F103C6_Drivers/MCAL/I2C/Stm32_F103C6_I2C_Driver.o
 .debug_ranges  0x00000000000002e0       0x48 Stm32_F103C6_Drivers/MCAL/SPI/Stm32_F103C6_SPI_Driver.o
 .debug_ranges  0x0000000000000328       0x50 Stm32_F103C6_Drivers/MCAL/TIMER/Stm32_F103C8_TIM_Driver.o
 .debug_ranges  0x0000000000000378       0x50 Stm32_F103C6_Drivers/MCAL/USART/Stm32_F103C6_USART_Driver.o

.debug_macro    0x0000000000000000     0x52f2
 .debug_macro   0x0000000000000000       0xbd AhmedLotfy_RTOS/CortexMX_OS_porting.o
 .debug_macro   0x00000000000000bd      0xa60 AhmedLotfy_RTOS/CortexMX_OS_porting.o
 .debug_macro   0x0000000000000b1d       0x28 AhmedLotfy_RTOS/CortexMX_OS_porting.o
 .debug_macro   0x0000000000000b45       0x22 AhmedLotfy_RTOS/CortexMX_OS_porting.o
 .debug_macro   0x0000000000000b67       0x8e AhmedLotfy_RTOS/CortexMX_OS_porting.o
 .debug_macro   0x0000000000000bf5       0x51 AhmedLotfy_RTOS/CortexMX_OS_porting.o
 .debug_macro   0x0000000000000c46       0xef AhmedLotfy_RTOS/CortexMX_OS_porting.o
 .debug_macro   0x0000000000000d35       0x6a AhmedLotfy_RTOS/CortexMX_OS_porting.o
 .debug_macro   0x0000000000000d9f      0x1df AhmedLotfy_RTOS/CortexMX_OS_porting.o
 .debug_macro   0x0000000000000f7e       0x1c AhmedLotfy_RTOS/CortexMX_OS_porting.o
 .debug_macro   0x0000000000000f9a       0x22 AhmedLotfy_RTOS/CortexMX_OS_porting.o
 .debug_macro   0x0000000000000fbc       0xe5 AhmedLotfy_RTOS/CortexMX_OS_porting.o
 .debug_macro   0x00000000000010a1      0xe3c AhmedLotfy_RTOS/CortexMX_OS_porting.o
 .debug_macro   0x0000000000001edd       0x34 AhmedLotfy_RTOS/CortexMX_OS_porting.o
 .debug_macro   0x0000000000001f11      0x22c AhmedLotfy_RTOS/MYRTOS_FIFO.o
 .debug_macro   0x000000000000213d       0x40 AhmedLotfy_RTOS/MYRTOS_FIFO.o
 .debug_macro   0x000000000000217d       0x18 AhmedLotfy_RTOS/MYRTOS_FIFO.o
 .debug_macro   0x0000000000002195       0x94 AhmedLotfy_RTOS/MYRTOS_FIFO.o
 .debug_macro   0x0000000000002229       0x3c AhmedLotfy_RTOS/MYRTOS_FIFO.o
 .debug_macro   0x0000000000002265       0x34 AhmedLotfy_RTOS/MYRTOS_FIFO.o
 .debug_macro   0x0000000000002299       0x16 AhmedLotfy_RTOS/MYRTOS_FIFO.o
 .debug_macro   0x00000000000022af       0x57 AhmedLotfy_RTOS/MYRTOS_FIFO.o
 .debug_macro   0x0000000000002306       0x97 AhmedLotfy_RTOS/MYRTOS_FIFO.o
 .debug_macro   0x000000000000239d      0x330 AhmedLotfy_RTOS/MYRTOS_FIFO.o
 .debug_macro   0x00000000000026cd       0xfd AhmedLotfy_RTOS/MYRTOS_FIFO.o
 .debug_macro   0x00000000000027ca       0x10 AhmedLotfy_RTOS/MYRTOS_FIFO.o
 .debug_macro   0x00000000000027da       0x52 AhmedLotfy_RTOS/MYRTOS_FIFO.o
 .debug_macro   0x000000000000282c       0x1f AhmedLotfy_RTOS/MYRTOS_FIFO.o
 .debug_macro   0x000000000000284b       0x43 AhmedLotfy_RTOS/MYRTOS_FIFO.o
 .debug_macro   0x000000000000288e       0x20 AhmedLotfy_RTOS/MYRTOS_FIFO.o
 .debug_macro   0x00000000000028ae      0x1a3 AhmedLotfy_RTOS/MYRTOS_FIFO.o
 .debug_macro   0x0000000000002a51       0x10 AhmedLotfy_RTOS/MYRTOS_FIFO.o
 .debug_macro   0x0000000000002a61       0x1c AhmedLotfy_RTOS/MYRTOS_FIFO.o
 .debug_macro   0x0000000000002a7d       0x52 AhmedLotfy_RTOS/MYRTOS_FIFO.o
 .debug_macro   0x0000000000002acf       0x40 AhmedLotfy_RTOS/MYRTOS_FIFO.o
 .debug_macro   0x0000000000002b0f       0x10 AhmedLotfy_RTOS/MYRTOS_FIFO.o
 .debug_macro   0x0000000000002b1f       0x40 AhmedLotfy_RTOS/MYRTOS_FIFO.o
 .debug_macro   0x0000000000002b5f       0xd7 AhmedLotfy_RTOS/MYRTOS_FIFO.o
 .debug_macro   0x0000000000002c36       0x1c AhmedLotfy_RTOS/MYRTOS_FIFO.o
 .debug_macro   0x0000000000002c52       0x3d AhmedLotfy_RTOS/MYRTOS_FIFO.o
 .debug_macro   0x0000000000002c8f       0x16 AhmedLotfy_RTOS/MYRTOS_FIFO.o
 .debug_macro   0x0000000000002ca5      0x145 AhmedLotfy_RTOS/MYRTOS_FIFO.o
 .debug_macro   0x0000000000002dea       0xdf AhmedLotfy_RTOS/MYRTOS_FIFO.o
 .debug_macro   0x0000000000002ec9      0x266 AhmedLotfy_RTOS/Scheduler.o
 .debug_macro   0x000000000000312f       0x46 AhmedLotfy_RTOS/Scheduler.o
 .debug_macro   0x0000000000003175      0x174 AhmedLotfy_RTOS/Scheduler.o
 .debug_macro   0x00000000000032e9      0x32a AhmedLotfy_RTOS/Scheduler.o
 .debug_macro   0x0000000000003613       0x10 AhmedLotfy_RTOS/Scheduler.o
 .debug_macro   0x0000000000003623       0x35 AhmedLotfy_RTOS/Scheduler.o
 .debug_macro   0x0000000000003658       0x20 AhmedLotfy_RTOS/Scheduler.o
 .debug_macro   0x0000000000003678       0x1c AhmedLotfy_RTOS/Scheduler.o
 .debug_macro   0x0000000000003694      0x1d1 Src/main.o
 .debug_macro   0x0000000000003865       0x16 Src/main.o
 .debug_macro   0x000000000000387b      0x10e Src/main.o
 .debug_macro   0x0000000000003989       0x8d Src/main.o
 .debug_macro   0x0000000000003a16       0x16 Src/main.o
 .debug_macro   0x0000000000003a2c       0x29 Src/main.o
 .debug_macro   0x0000000000003a55      0x748 Src/main.o
 .debug_macro   0x000000000000419d       0xd0 Src/main.o
 .debug_macro   0x000000000000426d      0x229 Src/main.o
 .debug_macro   0x0000000000004496       0x22 Src/main.o
 .debug_macro   0x00000000000044b8       0x40 Src/main.o
 .debug_macro   0x00000000000044f8       0x10 Src/main.o
 .debug_macro   0x0000000000004508      0x161 Stm32_F103C6_Drivers/HAL/Delay/Delay.o
 .debug_macro   0x0000000000004669       0xd6 Stm32_F103C6_Drivers/HAL/Delay/Delay.o
 .debug_macro   0x000000000000473f      0x14e Stm32_F103C6_Drivers/MCAL/EXTI/Stm32_F103C6_EXTI_Driver.o
 .debug_macro   0x000000000000488d      0x223 Stm32_F103C6_Drivers/MCAL/EXTI/Stm32_F103C6_EXTI_Driver.o
 .debug_macro   0x0000000000004ab0      0x13f Stm32_F103C6_Drivers/MCAL/GPIO/Stm32_F103C6_GPIO_Driver.o
 .debug_macro   0x0000000000004bef      0x15d Stm32_F103C6_Drivers/MCAL/I2C/Stm32_F103C6_I2C_Driver.o
 .debug_macro   0x0000000000004d4c      0x160 Stm32_F103C6_Drivers/MCAL/SPI/Stm32_F103C6_SPI_Driver.o
 .debug_macro   0x0000000000004eac       0xc2 Stm32_F103C6_Drivers/MCAL/SPI/Stm32_F103C6_SPI_Driver.o
 .debug_macro   0x0000000000004f6e      0x151 Stm32_F103C6_Drivers/MCAL/TIMER/Stm32_F103C8_TIM_Driver.o
 .debug_macro   0x00000000000050bf      0x151 Stm32_F103C6_Drivers/MCAL/USART/Stm32_F103C6_USART_Driver.o
 .debug_macro   0x0000000000005210       0xe2 Stm32_F103C6_Drivers/MCAL/USART/Stm32_F103C6_USART_Driver.o

.debug_line     0x0000000000000000     0x52c6
 .debug_line    0x0000000000000000      0x573 AhmedLotfy_RTOS/CortexMX_OS_porting.o
 .debug_line    0x0000000000000573      0x718 AhmedLotfy_RTOS/MYRTOS_FIFO.o
 .debug_line    0x0000000000000c8b      0x911 AhmedLotfy_RTOS/Scheduler.o
 .debug_line    0x000000000000159c      0x819 Src/main.o
 .debug_line    0x0000000000001db5       0x84 Startup/startup_stm32f103c6tx.o
 .debug_line    0x0000000000001e39      0x6b1 Stm32_F103C6_Drivers/HAL/Delay/Delay.o
 .debug_line    0x00000000000024ea      0x7a1 Stm32_F103C6_Drivers/MCAL/EXTI/Stm32_F103C6_EXTI_Driver.o
 .debug_line    0x0000000000002c8b      0x6a2 Stm32_F103C6_Drivers/MCAL/GPIO/Stm32_F103C6_GPIO_Driver.o
 .debug_line    0x000000000000332d      0x93d Stm32_F103C6_Drivers/MCAL/I2C/Stm32_F103C6_I2C_Driver.o
 .debug_line    0x0000000000003c6a      0x786 Stm32_F103C6_Drivers/MCAL/SPI/Stm32_F103C6_SPI_Driver.o
 .debug_line    0x00000000000043f0      0x71e Stm32_F103C6_Drivers/MCAL/TIMER/Stm32_F103C8_TIM_Driver.o
 .debug_line    0x0000000000004b0e      0x7b8 Stm32_F103C6_Drivers/MCAL/USART/Stm32_F103C6_USART_Driver.o

.debug_str      0x0000000000000000    0x13d9b
 .debug_str     0x0000000000000000     0x987e AhmedLotfy_RTOS/CortexMX_OS_porting.o
                                       0x9a19 (size before relaxing)
 .debug_str     0x000000000000987e     0x44cd AhmedLotfy_RTOS/MYRTOS_FIFO.o
                                       0xdca1 (size before relaxing)
 .debug_str     0x000000000000dd4b      0x394 AhmedLotfy_RTOS/Scheduler.o
                                       0xdff7 (size before relaxing)
 .debug_str     0x000000000000e0df     0x3fcf Src/main.o
                                      0x10917 (size before relaxing)
 .debug_str     0x00000000000120ae       0x31 Startup/startup_stm32f103c6tx.o
                                         0x6b (size before relaxing)
 .debug_str     0x00000000000120df       0xf6 Stm32_F103C6_Drivers/HAL/Delay/Delay.o
                                       0x9bd5 (size before relaxing)
 .debug_str     0x00000000000121d5      0x287 Stm32_F103C6_Drivers/MCAL/EXTI/Stm32_F103C6_EXTI_Driver.o
                                       0xae5a (size before relaxing)
 .debug_str     0x000000000001245c      0x12b Stm32_F103C6_Drivers/MCAL/GPIO/Stm32_F103C6_GPIO_Driver.o
                                       0x9ab6 (size before relaxing)
 .debug_str     0x0000000000012587      0x6b1 Stm32_F103C6_Drivers/MCAL/I2C/Stm32_F103C6_I2C_Driver.o
                                       0xa070 (size before relaxing)
 .debug_str     0x0000000000012c38      0x86d Stm32_F103C6_Drivers/MCAL/SPI/Stm32_F103C6_SPI_Driver.o
                                       0xa1fe (size before relaxing)
 .debug_str     0x00000000000134a5      0x147 Stm32_F103C6_Drivers/MCAL/TIMER/Stm32_F103C8_TIM_Driver.o
                                       0x9cdb (size before relaxing)
 .debug_str     0x00000000000135ec      0x7af Stm32_F103C6_Drivers/MCAL/USART/Stm32_F103C6_USART_Driver.o
                                       0xa1ac (size before relaxing)

.comment        0x0000000000000000       0x7b
 .comment       0x0000000000000000       0x7b AhmedLotfy_RTOS/CortexMX_OS_porting.o
                                         0x7c (size before relaxing)
 .comment       0x000000000000007b       0x7c AhmedLotfy_RTOS/MYRTOS_FIFO.o
 .comment       0x000000000000007b       0x7c AhmedLotfy_RTOS/Scheduler.o
 .comment       0x000000000000007b       0x7c Src/main.o
 .comment       0x000000000000007b       0x7c Stm32_F103C6_Drivers/HAL/Delay/Delay.o
 .comment       0x000000000000007b       0x7c Stm32_F103C6_Drivers/MCAL/EXTI/Stm32_F103C6_EXTI_Driver.o
 .comment       0x000000000000007b       0x7c Stm32_F103C6_Drivers/MCAL/GPIO/Stm32_F103C6_GPIO_Driver.o
 .comment       0x000000000000007b       0x7c Stm32_F103C6_Drivers/MCAL/I2C/Stm32_F103C6_I2C_Driver.o
 .comment       0x000000000000007b       0x7c Stm32_F103C6_Drivers/MCAL/SPI/Stm32_F103C6_SPI_Driver.o
 .comment       0x000000000000007b       0x7c Stm32_F103C6_Drivers/MCAL/TIMER/Stm32_F103C8_TIM_Driver.o
 .comment       0x000000000000007b       0x7c Stm32_F103C6_Drivers/MCAL/USART/Stm32_F103C6_USART_Driver.o

.debug_frame    0x0000000000000000      0xf7c
 .debug_frame   0x0000000000000000      0x140 AhmedLotfy_RTOS/CortexMX_OS_porting.o
 .debug_frame   0x0000000000000140       0xd8 AhmedLotfy_RTOS/MYRTOS_FIFO.o
 .debug_frame   0x0000000000000218      0x270 AhmedLotfy_RTOS/Scheduler.o
 .debug_frame   0x0000000000000488       0x50 Src/main.o
 .debug_frame   0x00000000000004d8       0x98 Stm32_F103C6_Drivers/HAL/Delay/Delay.o
 .debug_frame   0x0000000000000570      0x1b0 Stm32_F103C6_Drivers/MCAL/EXTI/Stm32_F103C6_EXTI_Driver.o
 .debug_frame   0x0000000000000720      0x1a0 Stm32_F103C6_Drivers/MCAL/GPIO/Stm32_F103C6_GPIO_Driver.o
 .debug_frame   0x00000000000008c0      0x288 Stm32_F103C6_Drivers/MCAL/I2C/Stm32_F103C6_I2C_Driver.o
 .debug_frame   0x0000000000000b48      0x148 Stm32_F103C6_Drivers/MCAL/SPI/Stm32_F103C6_SPI_Driver.o
 .debug_frame   0x0000000000000c90      0x154 Stm32_F103C6_Drivers/MCAL/TIMER/Stm32_F103C8_TIM_Driver.o
 .debug_frame   0x0000000000000de4      0x14c Stm32_F103C6_Drivers/MCAL/USART/Stm32_F103C6_USART_Driver.o
 .debug_frame   0x0000000000000f30       0x2c c:/st/stm32cubeide_1.4.0/stm32cubeide/plugins/com.st.stm32cube.ide.mcu.externaltools.gnu-tools-for-stm32.7-2018-q2-update.win32_1.4.0.202007081208/tools/bin/../lib/gcc/arm-none-eabi/7.3.1/../../../../arm-none-eabi/lib/thumb/v7-m\libc_nano.a(lib_a-init.o)
 .debug_frame   0x0000000000000f5c       0x20 c:/st/stm32cubeide_1.4.0/stm32cubeide/plugins/com.st.stm32cube.ide.mcu.externaltools.gnu-tools-for-stm32.7-2018-q2-update.win32_1.4.0.202007081208/tools/bin/../lib/gcc/arm-none-eabi/7.3.1/../../../../arm-none-eabi/lib/thumb/v7-m\libc_nano.a(lib_a-strcmp.o)
