Archive member included to satisfy reference by file (symbol)

c:/st/stm32cubeide_1.4.0/stm32cubeide/plugins/com.st.stm32cube.ide.mcu.externaltools.gnu-tools-for-stm32.7-2018-q2-update.win32_1.4.0.202007081208/tools/bin/../lib/gcc/arm-none-eabi/7.3.1/../../../../arm-none-eabi/lib/thumb/v7-m\libc_nano.a(lib_a-errno.o)
                              Src/syscalls.o (__errno)
c:/st/stm32cubeide_1.4.0/stm32cubeide/plugins/com.st.stm32cube.ide.mcu.externaltools.gnu-tools-for-stm32.7-2018-q2-update.win32_1.4.0.202007081208/tools/bin/../lib/gcc/arm-none-eabi/7.3.1/../../../../arm-none-eabi/lib/thumb/v7-m\libc_nano.a(lib_a-exit.o)
                              c:/st/stm32cubeide_1.4.0/stm32cubeide/plugins/com.st.stm32cube.ide.mcu.externaltools.gnu-tools-for-stm32.7-2018-q2-update.win32_1.4.0.202007081208/tools/bin/../lib/gcc/arm-none-eabi/7.3.1/../../../../arm-none-eabi/lib/thumb/v7-m/crt0.o (exit)
c:/st/stm32cubeide_1.4.0/stm32cubeide/plugins/com.st.stm32cube.ide.mcu.externaltools.gnu-tools-for-stm32.7-2018-q2-update.win32_1.4.0.202007081208/tools/bin/../lib/gcc/arm-none-eabi/7.3.1/../../../../arm-none-eabi/lib/thumb/v7-m\libc_nano.a(lib_a-impure.o)
                              c:/st/stm32cubeide_1.4.0/stm32cubeide/plugins/com.st.stm32cube.ide.mcu.externaltools.gnu-tools-for-stm32.7-2018-q2-update.win32_1.4.0.202007081208/tools/bin/../lib/gcc/arm-none-eabi/7.3.1/../../../../arm-none-eabi/lib/thumb/v7-m\libc_nano.a(lib_a-exit.o) (_global_impure_ptr)
c:/st/stm32cubeide_1.4.0/stm32cubeide/plugins/com.st.stm32cube.ide.mcu.externaltools.gnu-tools-for-stm32.7-2018-q2-update.win32_1.4.0.202007081208/tools/bin/../lib/gcc/arm-none-eabi/7.3.1/../../../../arm-none-eabi/lib/thumb/v7-m\libc_nano.a(lib_a-init.o)
                              c:/st/stm32cubeide_1.4.0/stm32cubeide/plugins/com.st.stm32cube.ide.mcu.externaltools.gnu-tools-for-stm32.7-2018-q2-update.win32_1.4.0.202007081208/tools/bin/../lib/gcc/arm-none-eabi/7.3.1/../../../../arm-none-eabi/lib/thumb/v7-m/crt0.o (__libc_init_array)
c:/st/stm32cubeide_1.4.0/stm32cubeide/plugins/com.st.stm32cube.ide.mcu.externaltools.gnu-tools-for-stm32.7-2018-q2-update.win32_1.4.0.202007081208/tools/bin/../lib/gcc/arm-none-eabi/7.3.1/../../../../arm-none-eabi/lib/thumb/v7-m\libc_nano.a(lib_a-memcpy-stub.o)
                              Stm32_F103C6_Drivers/MCAL/ADC/STM32f103c6_ADC.o (memcpy)
c:/st/stm32cubeide_1.4.0/stm32cubeide/plugins/com.st.stm32cube.ide.mcu.externaltools.gnu-tools-for-stm32.7-2018-q2-update.win32_1.4.0.202007081208/tools/bin/../lib/gcc/arm-none-eabi/7.3.1/../../../../arm-none-eabi/lib/thumb/v7-m\libc_nano.a(lib_a-memset.o)
                              c:/st/stm32cubeide_1.4.0/stm32cubeide/plugins/com.st.stm32cube.ide.mcu.externaltools.gnu-tools-for-stm32.7-2018-q2-update.win32_1.4.0.202007081208/tools/bin/../lib/gcc/arm-none-eabi/7.3.1/../../../../arm-none-eabi/lib/thumb/v7-m/crt0.o (memset)

Allocating common symbols
Common symbol       size              file

p                   0x4               Stm32_F103C6_Drivers/HAL/Pedal/Pedal.o
Global_SPI_Config2  0x18              Stm32_F103C6_Drivers/MCAL/SPI/Stm32_F103C6_SPI_Driver.o
G_USART_Config      0x14              Stm32_F103C6_Drivers/HAL/Pedal/Pedal.o
NewFeedback         0x12              Stm32_F103C6_Drivers/HAL/Pedal/Pedal.o
Global_TIM_Config   0x48              Stm32_F103C6_Drivers/MCAL/TIMER/Stm32_F103C8_TIM_Driver.o
G_Config            0xc               Stm32_F103C6_Drivers/MCAL/WWDG/Stm32_F103C8_WWDG_Driver.o
incomingByte        0x2               Stm32_F103C6_Drivers/HAL/Pedal/Pedal.o
bufStartFrame       0x2               Stm32_F103C6_Drivers/HAL/Pedal/Pedal.o
GLOBAL_UART_Config  0x3c              Stm32_F103C6_Drivers/MCAL/USART/Stm32_F103C6_USART_Driver.o
Feedback            0x12              Stm32_F103C6_Drivers/HAL/Pedal/Pedal.o
Global_SPI_Config1  0x18              Stm32_F103C6_Drivers/MCAL/SPI/Stm32_F103C6_SPI_Driver.o
G_ADC_Config        0x5c              Stm32_F103C6_Drivers/HAL/Pedal/Pedal.o
Delay_timer_config  0x18              Stm32_F103C6_Drivers/HAL/Delay/Delay.o
Global_ADC_Cfg      0x5c              Stm32_F103C6_Drivers/MCAL/ADC/STM32f103c6_ADC.o
Command             0x8               Stm32_F103C6_Drivers/HAL/Pedal/Pedal.o
incomingBytePrev    0x2               Stm32_F103C6_Drivers/HAL/Pedal/Pedal.o

Discarded input sections

 .text          0x0000000000000000        0x0 c:/st/stm32cubeide_1.4.0/stm32cubeide/plugins/com.st.stm32cube.ide.mcu.externaltools.gnu-tools-for-stm32.7-2018-q2-update.win32_1.4.0.202007081208/tools/bin/../lib/gcc/arm-none-eabi/7.3.1/thumb/v7-m/crti.o
 .data          0x0000000000000000        0x0 c:/st/stm32cubeide_1.4.0/stm32cubeide/plugins/com.st.stm32cube.ide.mcu.externaltools.gnu-tools-for-stm32.7-2018-q2-update.win32_1.4.0.202007081208/tools/bin/../lib/gcc/arm-none-eabi/7.3.1/thumb/v7-m/crti.o
[...]
Memory Configuration

Name             Origin             Length             Attributes
RAM              0x0000000020000000 0x0000000000005000 xrw
ROM              0x0000000008000000 0x0000000000010000 xr
*default*        0x0000000000000000 0xffffffffffffffff

Linker script and memory map

LOAD c:/st/stm32cubeide_1.4.0/stm32cubeide/plugins/com.st.stm32cube.ide.mcu.externaltools.gnu-tools-for-stm32.7-2018-q2-update.win32_1.4.0.202007081208/tools/bin/../lib/gcc/arm-none-eabi/7.3.1/thumb/v7-m/crti.o
LOAD c:/st/stm32cubeide_1.4.0/stm32cubeide/plugins/com.st.stm32cube.ide.mcu.externaltools.gnu-tools-for-stm32.7-2018-q2-update.win32_1.4.0.202007081208/tools/bin/../lib/gcc/arm-none-eabi/7.3.1/thumb/v7-m/crtbegin.o
LOAD c:/st/stm32cubeide_1.4.0/stm32cubeide/plugins/com.st.stm32cube.ide.mcu.externaltools.gnu-tools-for-stm32.7-2018-q2-update.win32_1.4.0.202007081208/tools/bin/../lib/gcc/arm-none-eabi/7.3.1/../../../../arm-none-eabi/lib/thumb/v7-m/crt0.o
LOAD Src/main.o
LOAD Src/syscalls.o
LOAD Src/sysmem.o
LOAD Startup/startup_stm32f103c8tx.o
LOAD Stm32_F103C6_Drivers/HAL/Delay/Delay.o
LOAD Stm32_F103C6_Drivers/HAL/EEPROM/I2C_Slave_EEPROM.o
LOAD Stm32_F103C6_Drivers/HAL/KPD_Driver/KPD_program.o
LOAD Stm32_F103C6_Drivers/HAL/LCD_Driver/LCD_program.o
LOAD Stm32_F103C6_Drivers/HAL/Pedal/Pedal.o
LOAD Stm32_F103C6_Drivers/MCAL/ADC/STM32f103c6_ADC.o
LOAD Stm32_F103C6_Drivers/MCAL/EXTI/Stm32_F103C6_EXTI_Driver.o
LOAD Stm32_F103C6_Drivers/MCAL/GPIO/Stm32_F103C6_GPIO_Driver.o
LOAD Stm32_F103C6_Drivers/MCAL/I2C/Stm32_F103C6_I2C_Driver.o
LOAD Stm32_F103C6_Drivers/MCAL/RCC/Stm32_F103C6_RCC_Driver.o
LOAD Stm32_F103C6_Drivers/MCAL/SPI/Stm32_F103C6_SPI_Driver.o
LOAD Stm32_F103C6_Drivers/MCAL/TIMER/Stm32_F103C8_TIM_Driver.o
LOAD Stm32_F103C6_Drivers/MCAL/USART/Stm32_F103C6_USART_Driver.o
LOAD Stm32_F103C6_Drivers/MCAL/WWDG/Stm32_F103C8_WWDG_Driver.o
START GROUP
LOAD c:/st/stm32cubeide_1.4.0/stm32cubeide/plugins/com.st.stm32cube.ide.mcu.externaltools.gnu-tools-for-stm32.7-2018-q2-update.win32_1.4.0.202007081208/tools/bin/../lib/gcc/arm-none-eabi/7.3.1/../../../../arm-none-eabi/lib/thumb/v7-m\libc_nano.a
LOAD c:/st/stm32cubeide_1.4.0/stm32cubeide/plugins/com.st.stm32cube.ide.mcu.externaltools.gnu-tools-for-stm32.7-2018-q2-update.win32_1.4.0.202007081208/tools/bin/../lib/gcc/arm-none-eabi/7.3.1/../../../../arm-none-eabi/lib/thumb/v7-m\libm.a
END GROUP
START GROUP
LOAD c:/st/stm32cubeide_1.4.0/stm32cubeide/plugins/com.st.stm32cube.ide.mcu.externaltools.gnu-tools-for-stm32.7-2018-q2-update.win32_1.4.0.202007081208/tools/bin/../lib/gcc/arm-none-eabi/7.3.1/thumb/v7-m\libgcc.a
LOAD c:/st/stm32cubeide_1.4.0/stm32cubeide/plugins/com.st.stm32cube.ide.mcu.externaltools.gnu-tools-for-stm32.7-2018-q2-update.win32_1.4.0.202007081208/tools/bin/../lib/gcc/arm-none-eabi/7.3.1/../../../../arm-none-eabi/lib/thumb/v7-m\libc_nano.a
END GROUP
START GROUP
LOAD c:/st/stm32cubeide_1.4.0/stm32cubeide/plugins/com.st.stm32cube.ide.mcu.externaltools.gnu-tools-for-stm32.7-2018-q2-update.win32_1.4.0.202007081208/tools/bin/../lib/gcc/arm-none-eabi/7.3.1/thumb/v7-m\libgcc.a
LOAD c:/st/stm32cubeide_1.4.0/stm32cubeide/plugins/com.st.stm32cube.ide.mcu.externaltools.gnu-tools-for-stm32.7-2018-q2-update.win32_1.4.0.202007081208/tools/bin/../lib/gcc/arm-none-eabi/7.3.1/../../../../arm-none-eabi/lib/thumb/v7-m\libc_nano.a
LOAD c:/st/stm32cubeide_1.4.0/stm32cubeide/plugins/com.st.stm32cube.ide.mcu.externaltools.gnu-tools-for-stm32.7-2018-q2-update.win32_1.4.0.202007081208/tools/bin/../lib/gcc/arm-none-eabi/7.3.1/../../../../arm-none-eabi/lib/thumb/v7-m\libnosys.a
END GROUP
START GROUP
LOAD c:/st/stm32cubeide_1.4.0/stm32cubeide/plugins/com.st.stm32cube.ide.mcu.externaltools.gnu-tools-for-stm32.7-2018-q2-update.win32_1.4.0.202007081208/tools/bin/../lib/gcc/arm-none-eabi/7.3.1/thumb/v7-m\libgcc.a
LOAD c:/st/stm32cubeide_1.4.0/stm32cubeide/plugins/com.st.stm32cube.ide.mcu.externaltools.gnu-tools-for-stm32.7-2018-q2-update.win32_1.4.0.202007081208/tools/bin/../lib/gcc/arm-none-eabi/7.3.1/../../../../arm-none-eabi/lib/thumb/v7-m\libc_nano.a
LOAD c:/st/stm32cubeide_1.4.0/stm32cubeide/plugins/com.st.stm32cube.ide.mcu.externaltools.gnu-tools-for-stm32.7-2018-q2-update.win32_1.4.0.202007081208/tools/bin/../lib/gcc/arm-none-eabi/7.3.1/../../../../arm-none-eabi/lib/thumb/v7-m\libnosys.a
END GROUP
LOAD c:/st/stm32cubeide_1.4.0/stm32cubeide/plugins/com.st.stm32cube.ide.mcu.externaltools.gnu-tools-for-stm32.7-2018-q2-update.win32_1.4.0.202007081208/tools/bin/../lib/gcc/arm-none-eabi/7.3.1/thumb/v7-m/crtend.o
LOAD c:/st/stm32cubeide_1.4.0/stm32cubeide/plugins/com.st.stm32cube.ide.mcu.externaltools.gnu-tools-for-stm32.7-2018-q2-update.win32_1.4.0.202007081208/tools/bin/../lib/gcc/arm-none-eabi/7.3.1/thumb/v7-m/crtn.o
                0x0000000020005000                _estack = (ORIGIN (RAM) + LENGTH (RAM))
                0x0000000000000200                _Min_Heap_Size = 0x200
                0x0000000000000400                _Min_Stack_Size = 0x400

.isr_vector     0x0000000008000000      0x130
                0x0000000008000000                . = ALIGN (0x4)
 *(.isr_vector)
 .isr_vector    0x0000000008000000      0x130 Startup/startup_stm32f103c8tx.o
                0x0000000008000000                g_pfnVectors
                0x0000000008000130                . = ALIGN (0x4)

.text           0x0000000008000130      0xf84
                0x0000000008000130                . = ALIGN (0x4)
 *(.text)
 .text          0x0000000008000130       0x40 c:/st/stm32cubeide_1.4.0/stm32cubeide/plugins/com.st.stm32cube.ide.mcu.externaltools.gnu-tools-for-stm32.7-2018-q2-update.win32_1.4.0.202007081208/tools/bin/../lib/gcc/arm-none-eabi/7.3.1/thumb/v7-m/crtbegin.o
 *(.text*)
 .text.clock_init
                0x0000000008000170       0x34 Src/main.o
                0x0000000008000170                clock_init
 .text.main     0x00000000080001a4       0x3c Src/main.o
                0x00000000080001a4                main
 .text.Reset_Handler
                0x00000000080001e0       0x50 Startup/startup_stm32f103c8tx.o
                0x00000000080001e0                Reset_Handler
 .text.Default_Handler
                0x0000000008000230        0x2 Startup/startup_stm32f103c8tx.o
                0x0000000008000230                TIM8_TRG_COM_IRQHandler
                0x0000000008000230                TIM8_CC_IRQHandler
                0x0000000008000230                DebugMon_Handler
                0x0000000008000230                TIM1_CC_IRQHandler
                0x0000000008000230                HardFault_Handler
                0x0000000008000230                TIM6_IRQHandler
                0x0000000008000230                SysTick_Handler
                0x0000000008000230                PVD_IRQHandler
                0x0000000008000230                SDIO_IRQHandler
                0x0000000008000230                PendSV_Handler
                0x0000000008000230                NMI_Handler
                0x0000000008000230                USB_HP_CAN_TX_IRQHandler
                0x0000000008000230                UsageFault_Handler
                0x0000000008000230                CAN_SCE_IRQHandler
                0x0000000008000230                TAMPER_IRQHandler
                0x0000000008000230                TIM8_UP_IRQHandler
                0x0000000008000230                DMA2_Channel2_IRQHandler
                0x0000000008000230                DMA1_Channel4_IRQHandler
                0x0000000008000230                RTC_IRQHandler
                0x0000000008000230                DMA1_Channel7_IRQHandler
                0x0000000008000230                UART5_IRQHandler
                0x0000000008000230                ADC3_IRQHandler
                0x0000000008000230                CAN_RX1_IRQHandler
                0x0000000008000230                DMA2_Channel1_IRQHandler
                0x0000000008000230                DMA1_Channel6_IRQHandler
                0x0000000008000230                UART4_IRQHandler
                0x0000000008000230                RCC_IRQHandler
                0x0000000008000230                TIM1_TRG_COM_IRQHandler
                0x0000000008000230                DMA1_Channel1_IRQHandler
                0x0000000008000230                Default_Handler
                0x0000000008000230                TIM7_IRQHandler
                0x0000000008000230                TIM5_IRQHandler
                0x0000000008000230                USB_LP_CAN_RX0_IRQHandler
                0x0000000008000230                MemManage_Handler
                0x0000000008000230                SVC_Handler
                0x0000000008000230                DMA1_Channel5_IRQHandler
                0x0000000008000230                DMA1_Channel3_IRQHandler
                0x0000000008000230                FSMC_IRQHandler
                0x0000000008000230                TIM1_UP_IRQHandler
                0x0000000008000230                TIM1_BRK_IRQHandler
                0x0000000008000230                RTCAlarm_IRQHandler
                0x0000000008000230                DMA2_Channel4_5_IRQHandler
                0x0000000008000230                DMA1_Channel2_IRQHandler
                0x0000000008000230                TIM8_BRK_IRQHandler
                0x0000000008000230                FLASH_IRQHandler
                0x0000000008000230                BusFault_Handler
                0x0000000008000230                SPI3_IRQHandler
                0x0000000008000230                DMA2_Channel3_IRQHandler
 *fill*         0x0000000008000232        0x2 
 .text.HAL_Delay_Init
                0x0000000008000234       0x44 Stm32_F103C6_Drivers/HAL/Delay/Delay.o
                0x0000000008000234                HAL_Delay_Init
 .text.Delay_us
                0x0000000008000278       0x64 Stm32_F103C6_Drivers/HAL/Delay/Delay.o
                0x0000000008000278                Delay_us
 .text.ADC1_2_IRQHandler
                0x00000000080002dc       0x38 Stm32_F103C6_Drivers/MCAL/ADC/STM32f103c6_ADC.o
                0x00000000080002dc                ADC1_2_IRQHandler
 .text.EXTI0_IRQHandler
                0x0000000008000314       0x24 Stm32_F103C6_Drivers/MCAL/EXTI/Stm32_F103C6_EXTI_Driver.o
                0x0000000008000314                EXTI0_IRQHandler
 .text.EXTI1_IRQHandler
                0x0000000008000338       0x24 Stm32_F103C6_Drivers/MCAL/EXTI/Stm32_F103C6_EXTI_Driver.o
                0x0000000008000338                EXTI1_IRQHandler
 .text.EXTI2_IRQHandler
                0x000000000800035c       0x24 Stm32_F103C6_Drivers/MCAL/EXTI/Stm32_F103C6_EXTI_Driver.o
                0x000000000800035c                EXTI2_IRQHandler
 .text.EXTI3_IRQHandler
                0x0000000008000380       0x24 Stm32_F103C6_Drivers/MCAL/EXTI/Stm32_F103C6_EXTI_Driver.o
                0x0000000008000380                EXTI3_IRQHandler
 .text.EXTI4_IRQHandler
                0x00000000080003a4       0x24 Stm32_F103C6_Drivers/MCAL/EXTI/Stm32_F103C6_EXTI_Driver.o
                0x00000000080003a4                EXTI4_IRQHandler
 .text.EXTI9_5_IRQHandler
                0x00000000080003c8       0xa8 Stm32_F103C6_Drivers/MCAL/EXTI/Stm32_F103C6_EXTI_Driver.o
                0x00000000080003c8                EXTI9_5_IRQHandler
 .text.EXTI15_10_IRQHandler
                0x0000000008000470       0xc4 Stm32_F103C6_Drivers/MCAL/EXTI/Stm32_F103C6_EXTI_Driver.o
                0x0000000008000470                EXTI15_10_IRQHandler
 .text.Get_CRLH_Position
                0x0000000008000534       0xc6 Stm32_F103C6_Drivers/MCAL/GPIO/Stm32_F103C6_GPIO_Driver.o
                0x0000000008000534                Get_CRLH_Position
 .text.MCAL_GPIO_Init
                0x00000000080005fa       0xfe Stm32_F103C6_Drivers/MCAL/GPIO/Stm32_F103C6_GPIO_Driver.o
                0x00000000080005fa                MCAL_GPIO_Init
 .text.Slave_States
                0x00000000080006f8       0xe0 Stm32_F103C6_Drivers/MCAL/I2C/Stm32_F103C6_I2C_Driver.o
                0x00000000080006f8                Slave_States
 .text.I2C1_EV_IRQHandler
                0x00000000080007d8       0xe4 Stm32_F103C6_Drivers/MCAL/I2C/Stm32_F103C6_I2C_Driver.o
                0x00000000080007d8                I2C1_EV_IRQHandler
 .text.I2C1_ER_IRQHandler
                0x00000000080008bc        0xc Stm32_F103C6_Drivers/MCAL/I2C/Stm32_F103C6_I2C_Driver.o
                0x00000000080008bc                I2C1_ER_IRQHandler
 .text.I2C2_EV_IRQHandler
                0x00000000080008c8        0xc Stm32_F103C6_Drivers/MCAL/I2C/Stm32_F103C6_I2C_Driver.o
                0x00000000080008c8                I2C2_EV_IRQHandler
 .text.I2C2_ER_IRQHandler
                0x00000000080008d4        0xc Stm32_F103C6_Drivers/MCAL/I2C/Stm32_F103C6_I2C_Driver.o
                0x00000000080008d4                I2C2_ER_IRQHandler
 .text.SPI1_IRQHandler
                0x00000000080008e0       0x5c Stm32_F103C6_Drivers/MCAL/SPI/Stm32_F103C6_SPI_Driver.o
                0x00000000080008e0                SPI1_IRQHandler
 .text.SPI2_IRQHandler
                0x000000000800093c       0x5c Stm32_F103C6_Drivers/MCAL/SPI/Stm32_F103C6_SPI_Driver.o
                0x000000000800093c                SPI2_IRQHandler
 .text.MCAL_TIM_Init
                0x0000000008000998      0x5e4 Stm32_F103C6_Drivers/MCAL/TIMER/Stm32_F103C8_TIM_Driver.o
                0x0000000008000998                MCAL_TIM_Init
 .text.MCAL_TIM_Count_Reset
                0x0000000008000f7c       0x24 Stm32_F103C6_Drivers/MCAL/TIMER/Stm32_F103C8_TIM_Driver.o
                0x0000000008000f7c                MCAL_TIM_Count_Reset
 .text.TIM2_IRQHandler
                0x0000000008000fa0       0x1c Stm32_F103C6_Drivers/MCAL/TIMER/Stm32_F103C8_TIM_Driver.o
                0x0000000008000fa0                TIM2_IRQHandler
 .text.TIM3_IRQHandler
                0x0000000008000fbc       0x1c Stm32_F103C6_Drivers/MCAL/TIMER/Stm32_F103C8_TIM_Driver.o
                0x0000000008000fbc                TIM3_IRQHandler
 .text.TIM4_IRQHandler
                0x0000000008000fd8       0x1c Stm32_F103C6_Drivers/MCAL/TIMER/Stm32_F103C8_TIM_Driver.o
                0x0000000008000fd8                TIM4_IRQHandler
 .text.USART1_IRQHandler
                0x0000000008000ff4       0x14 Stm32_F103C6_Drivers/MCAL/USART/Stm32_F103C6_USART_Driver.o
                0x0000000008000ff4                USART1_IRQHandler
 .text.USART2_IRQHandler
                0x0000000008001008       0x14 Stm32_F103C6_Drivers/MCAL/USART/Stm32_F103C6_USART_Driver.o
                0x0000000008001008                USART2_IRQHandler
 .text.USART3_IRQHandler
                0x000000000800101c       0x14 Stm32_F103C6_Drivers/MCAL/USART/Stm32_F103C6_USART_Driver.o
                0x000000000800101c                USART3_IRQHandler
 .text.WWDG_IRQHandler
                0x0000000008001030       0x24 Stm32_F103C6_Drivers/MCAL/WWDG/Stm32_F103C8_WWDG_Driver.o
                0x0000000008001030                WWDG_IRQHandler
 .text.__libc_init_array
                0x0000000008001054       0x48 c:/st/stm32cubeide_1.4.0/stm32cubeide/plugins/com.st.stm32cube.ide.mcu.externaltools.gnu-tools-for-stm32.7-2018-q2-update.win32_1.4.0.202007081208/tools/bin/../lib/gcc/arm-none-eabi/7.3.1/../../../../arm-none-eabi/lib/thumb/v7-m\libc_nano.a(lib_a-init.o)
                0x0000000008001054                __libc_init_array
 *(.glue_7)
 .glue_7        0x000000000800109c        0x0 linker stubs
 *(.glue_7t)
 .glue_7t       0x000000000800109c        0x0 linker stubs
 *(.eh_frame)
 .eh_frame      0x000000000800109c        0x0 c:/st/stm32cubeide_1.4.0/stm32cubeide/plugins/com.st.stm32cube.ide.mcu.externaltools.gnu-tools-for-stm32.7-2018-q2-update.win32_1.4.0.202007081208/tools/bin/../lib/gcc/arm-none-eabi/7.3.1/thumb/v7-m/crtbegin.o
 *(.init)
 .init          0x000000000800109c        0x4 c:/st/stm32cubeide_1.4.0/stm32cubeide/plugins/com.st.stm32cube.ide.mcu.externaltools.gnu-tools-for-stm32.7-2018-q2-update.win32_1.4.0.202007081208/tools/bin/../lib/gcc/arm-none-eabi/7.3.1/thumb/v7-m/crti.o
                0x000000000800109c                _init
 .init          0x00000000080010a0        0x8 c:/st/stm32cubeide_1.4.0/stm32cubeide/plugins/com.st.stm32cube.ide.mcu.externaltools.gnu-tools-for-stm32.7-2018-q2-update.win32_1.4.0.202007081208/tools/bin/../lib/gcc/arm-none-eabi/7.3.1/thumb/v7-m/crtn.o
 *(.fini)
 .fini          0x00000000080010a8        0x4 c:/st/stm32cubeide_1.4.0/stm32cubeide/plugins/com.st.stm32cube.ide.mcu.externaltools.gnu-tools-for-stm32.7-2018-q2-update.win32_1.4.0.202007081208/tools/bin/../lib/gcc/arm-none-eabi/7.3.1/thumb/v7-m/crti.o
                0x00000000080010a8                _fini
 .fini          0x00000000080010ac        0x8 c:/st/stm32cubeide_1.4.0/stm32cubeide/plugins/com.st.stm32cube.ide.mcu.externaltools.gnu-tools-for-stm32.7-2018-q2-update.win32_1.4.0.202007081208/tools/bin/../lib/gcc/arm-none-eabi/7.3.1/thumb/v7-m/crtn.o
                0x00000000080010b4                . = ALIGN (0x4)
                0x00000000080010b4                _etext = .

.vfp11_veneer   0x00000000080010b4        0x0
 .vfp11_veneer  0x00000000080010b4        0x0 linker stubs

.v4_bx          0x00000000080010b4        0x0
 .v4_bx         0x00000000080010b4        0x0 linker stubs

.iplt           0x00000000080010b4        0x0
 .iplt          0x00000000080010b4        0x0 c:/st/stm32cubeide_1.4.0/stm32cubeide/plugins/com.st.stm32cube.ide.mcu.externaltools.gnu-tools-for-stm32.7-2018-q2-update.win32_1.4.0.202007081208/tools/bin/../lib/gcc/arm-none-eabi/7.3.1/thumb/v7-m/crtbegin.o

.rel.dyn        0x00000000080010b4        0x0
 .rel.iplt      0x00000000080010b4        0x0 c:/st/stm32cubeide_1.4.0/stm32cubeide/plugins/com.st.stm32cube.ide.mcu.externaltools.gnu-tools-for-stm32.7-2018-q2-update.win32_1.4.0.202007081208/tools/bin/../lib/gcc/arm-none-eabi/7.3.1/thumb/v7-m/crtbegin.o

.rodata         0x00000000080010b4        0x0
                0x00000000080010b4                . = ALIGN (0x4)
 *(.rodata)
 *(.rodata*)
                0x00000000080010b4                . = ALIGN (0x4)

.ARM.extab      0x00000000080010b4        0x0
                0x00000000080010b4                . = ALIGN (0x4)
 *(.ARM.extab* .gnu.linkonce.armextab.*)
                0x00000000080010b4                . = ALIGN (0x4)

.ARM            0x00000000080010b4        0x0
                0x00000000080010b4                . = ALIGN (0x4)
                0x00000000080010b4                __exidx_start = .
 *(.ARM.exidx*)
                0x00000000080010b4                __exidx_end = .
                0x00000000080010b4                . = ALIGN (0x4)

.preinit_array  0x00000000080010b4        0x0
                0x00000000080010b4                . = ALIGN (0x4)
                0x00000000080010b4                PROVIDE (__preinit_array_start = .)
 *(.preinit_array*)
                0x00000000080010b4                PROVIDE (__preinit_array_end = .)
                0x00000000080010b4                . = ALIGN (0x4)

.init_array     0x00000000080010b4        0x4
                0x00000000080010b4                . = ALIGN (0x4)
                0x00000000080010b4                PROVIDE (__init_array_start = .)
 *(SORT_BY_NAME(.init_array.*))
 *(.init_array*)
 .init_array    0x00000000080010b4        0x4 c:/st/stm32cubeide_1.4.0/stm32cubeide/plugins/com.st.stm32cube.ide.mcu.externaltools.gnu-tools-for-stm32.7-2018-q2-update.win32_1.4.0.202007081208/tools/bin/../lib/gcc/arm-none-eabi/7.3.1/thumb/v7-m/crtbegin.o
                0x00000000080010b8                PROVIDE (__init_array_end = .)
                0x00000000080010b8                . = ALIGN (0x4)

.fini_array     0x00000000080010b8        0x4
                0x00000000080010b8                . = ALIGN (0x4)
                [!provide]                        PROVIDE (__fini_array_start = .)
 *(SORT_BY_NAME(.fini_array.*))
 *(.fini_array*)
 .fini_array    0x00000000080010b8        0x4 c:/st/stm32cubeide_1.4.0/stm32cubeide/plugins/com.st.stm32cube.ide.mcu.externaltools.gnu-tools-for-stm32.7-2018-q2-update.win32_1.4.0.202007081208/tools/bin/../lib/gcc/arm-none-eabi/7.3.1/thumb/v7-m/crtbegin.o
                [!provide]                        PROVIDE (__fini_array_end = .)
                0x00000000080010bc                . = ALIGN (0x4)
                0x00000000080010bc                _sidata = LOADADDR (.data)

.data           0x0000000020000000        0x4 load address 0x00000000080010bc
                0x0000000020000000                . = ALIGN (0x4)
                0x0000000020000000                _sdata = .
 *(.data)
 *(.data*)
 .data.Rank     0x0000000020000000        0x2 Stm32_F103C6_Drivers/MCAL/ADC/STM32f103c6_ADC.o
                0x0000000020000000                Rank
                0x0000000020000004                . = ALIGN (0x4)
 *fill*         0x0000000020000002        0x2 
                0x0000000020000004                _edata = .

.igot.plt       0x0000000020000004        0x0 load address 0x00000000080010c0
 .igot.plt      0x0000000020000004        0x0 c:/st/stm32cubeide_1.4.0/stm32cubeide/plugins/com.st.stm32cube.ide.mcu.externaltools.gnu-tools-for-stm32.7-2018-q2-update.win32_1.4.0.202007081208/tools/bin/../lib/gcc/arm-none-eabi/7.3.1/thumb/v7-m/crtbegin.o
                0x0000000020000004                . = ALIGN (0x4)

.bss            0x0000000020000004      0x1b0 load address 0x00000000080010c0
                0x0000000020000004                _sbss = .
                0x0000000020000004                __bss_start__ = _sbss
 *(.bss)
 .bss           0x0000000020000004       0x1c c:/st/stm32cubeide_1.4.0/stm32cubeide/plugins/com.st.stm32cube.ide.mcu.externaltools.gnu-tools-for-stm32.7-2018-q2-update.win32_1.4.0.202007081208/tools/bin/../lib/gcc/arm-none-eabi/7.3.1/thumb/v7-m/crtbegin.o
 *(.bss*)
 .bss.Data_for_IRQ
                0x0000000020000020        0x2 Stm32_F103C6_Drivers/MCAL/ADC/STM32f103c6_ADC.o
                0x0000000020000020                Data_for_IRQ
 *fill*         0x0000000020000022        0x2 
 .bss.GP_IRQ_CallBack
                0x0000000020000024       0x3c Stm32_F103C6_Drivers/MCAL/EXTI/Stm32_F103C6_EXTI_Driver.o
 .bss.Global_I2C_Config
                0x0000000020000060       0x48 Stm32_F103C6_Drivers/MCAL/I2C/Stm32_F103C6_I2C_Driver.o
                0x0000000020000060                Global_I2C_Config
 .bss.Global_SPI_Config
                0x00000000200000a8        0x8 Stm32_F103C6_Drivers/MCAL/SPI/Stm32_F103C6_SPI_Driver.o
                0x00000000200000a8                Global_SPI_Config
 *(COMMON)
 COMMON         0x00000000200000b0       0x18 Stm32_F103C6_Drivers/HAL/Delay/Delay.o
                0x00000000200000b0                Delay_timer_config
 COMMON         0x00000000200000c8       0x5c Stm32_F103C6_Drivers/MCAL/ADC/STM32f103c6_ADC.o
                0x00000000200000c8                Global_ADC_Cfg
 COMMON         0x0000000020000124       0x48 Stm32_F103C6_Drivers/MCAL/TIMER/Stm32_F103C8_TIM_Driver.o
                0x0000000020000124                Global_TIM_Config
 COMMON         0x000000002000016c       0x3c Stm32_F103C6_Drivers/MCAL/USART/Stm32_F103C6_USART_Driver.o
                0x000000002000016c                GLOBAL_UART_Config
 COMMON         0x00000000200001a8        0xc Stm32_F103C6_Drivers/MCAL/WWDG/Stm32_F103C8_WWDG_Driver.o
                0x00000000200001a8                G_Config
                0x00000000200001b4                . = ALIGN (0x4)
                0x00000000200001b4                _ebss = .
                0x00000000200001b4                __bss_end__ = _ebss

._user_heap_stack
                0x00000000200001b4      0x604 load address 0x00000000080010c0
                0x00000000200001b8                . = ALIGN (0x8)
 *fill*         0x00000000200001b4        0x4 
                [!provide]                        PROVIDE (end = .)
                0x00000000200001b8                PROVIDE (_end = .)
                0x00000000200003b8                . = (. + _Min_Heap_Size)
 *fill*         0x00000000200001b8      0x200 
                0x00000000200007b8                . = (. + _Min_Stack_Size)
 *fill*         0x00000000200003b8      0x400 
                0x00000000200007b8                . = ALIGN (0x8)

/DISCARD/
 libc.a(*)
 libm.a(*)
 libgcc.a(*)

.ARM.attributes
                0x0000000000000000       0x29
 *(.ARM.attributes)
 .ARM.attributes
                0x0000000000000000       0x1d c:/st/stm32cubeide_1.4.0/stm32cubeide/plugins/com.st.stm32cube.ide.mcu.externaltools.gnu-tools-for-stm32.7-2018-q2-update.win32_1.4.0.202007081208/tools/bin/../lib/gcc/arm-none-eabi/7.3.1/thumb/v7-m/crti.o
 .ARM.attributes
                0x000000000000001d       0x2d c:/st/stm32cubeide_1.4.0/stm32cubeide/plugins/com.st.stm32cube.ide.mcu.externaltools.gnu-tools-for-stm32.7-2018-q2-update.win32_1.4.0.202007081208/tools/bin/../lib/gcc/arm-none-eabi/7.3.1/thumb/v7-m/crtbegin.o
 .ARM.attributes
                0x000000000000004a       0x33 Src/main.o
 .ARM.attributes
                0x000000000000007d       0x21 Startup/startup_stm32f103c8tx.o
 .ARM.attributes
                0x000000000000009e       0x33 Stm32_F103C6_Drivers/HAL/Delay/Delay.o
 .ARM.attributes
                0x00000000000000d1       0x33 Stm32_F103C6_Drivers/MCAL/ADC/STM32f103c6_ADC.o
 .ARM.attributes
                0x0000000000000104       0x33 Stm32_F103C6_Drivers/MCAL/EXTI/Stm32_F103C6_EXTI_Driver.o
 .ARM.attributes
                0x0000000000000137       0x33 Stm32_F103C6_Drivers/MCAL/GPIO/Stm32_F103C6_GPIO_Driver.o
 .ARM.attributes
                0x000000000000016a       0x33 Stm32_F103C6_Drivers/MCAL/I2C/Stm32_F103C6_I2C_Driver.o
 .ARM.attributes
                0x000000000000019d       0x33 Stm32_F103C6_Drivers/MCAL/SPI/Stm32_F103C6_SPI_Driver.o
 .ARM.attributes
                0x00000000000001d0       0x33 Stm32_F103C6_Drivers/MCAL/TIMER/Stm32_F103C8_TIM_Driver.o
 .ARM.attributes
                0x0000000000000203       0x33 Stm32_F103C6_Drivers/MCAL/USART/Stm32_F103C6_USART_Driver.o
 .ARM.attributes
                0x0000000000000236       0x33 Stm32_F103C6_Drivers/MCAL/WWDG/Stm32_F103C8_WWDG_Driver.o
 .ARM.attributes
                0x0000000000000269       0x2d c:/st/stm32cubeide_1.4.0/stm32cubeide/plugins/com.st.stm32cube.ide.mcu.externaltools.gnu-tools-for-stm32.7-2018-q2-update.win32_1.4.0.202007081208/tools/bin/../lib/gcc/arm-none-eabi/7.3.1/../../../../arm-none-eabi/lib/thumb/v7-m\libc_nano.a(lib_a-init.o)
 .ARM.attributes
                0x0000000000000296       0x1d c:/st/stm32cubeide_1.4.0/stm32cubeide/plugins/com.st.stm32cube.ide.mcu.externaltools.gnu-tools-for-stm32.7-2018-q2-update.win32_1.4.0.202007081208/tools/bin/../lib/gcc/arm-none-eabi/7.3.1/thumb/v7-m/crtn.o
OUTPUT(GP_STM32_Drivers.axf elf32-littlearm)

.debug_info     0x0000000000000000     0x8085
 .debug_info    0x0000000000000000      0xa7c Src/main.o
 .debug_info    0x0000000000000a7c       0x22 Startup/startup_stm32f103c8tx.o
 .debug_info    0x0000000000000a9e      0xb47 Stm32_F103C6_Drivers/HAL/Delay/Delay.o
 .debug_info    0x00000000000015e5      0xe25 Stm32_F103C6_Drivers/MCAL/ADC/STM32f103c6_ADC.o
 .debug_info    0x000000000000240a      0xc59 Stm32_F103C6_Drivers/MCAL/EXTI/Stm32_F103C6_EXTI_Driver.o
 .debug_info    0x0000000000003063      0xc40 Stm32_F103C6_Drivers/MCAL/GPIO/Stm32_F103C6_GPIO_Driver.o
 .debug_info    0x0000000000003ca3     0x1114 Stm32_F103C6_Drivers/MCAL/I2C/Stm32_F103C6_I2C_Driver.o
 .debug_info    0x0000000000004db7      0xdc1 Stm32_F103C6_Drivers/MCAL/SPI/Stm32_F103C6_SPI_Driver.o
 .debug_info    0x0000000000005b78      0xd9d Stm32_F103C6_Drivers/MCAL/TIMER/Stm32_F103C8_TIM_Driver.o
 .debug_info    0x0000000000006915      0xcd4 Stm32_F103C6_Drivers/MCAL/USART/Stm32_F103C6_USART_Driver.o
 .debug_info    0x00000000000075e9      0xa9c Stm32_F103C6_Drivers/MCAL/WWDG/Stm32_F103C8_WWDG_Driver.o

.debug_abbrev   0x0000000000000000     0x1601
 .debug_abbrev  0x0000000000000000      0x1a6 Src/main.o
 .debug_abbrev  0x00000000000001a6       0x12 Startup/startup_stm32f103c8tx.o
 .debug_abbrev  0x00000000000001b8      0x1de Stm32_F103C6_Drivers/HAL/Delay/Delay.o
 .debug_abbrev  0x0000000000000396      0x266 Stm32_F103C6_Drivers/MCAL/ADC/STM32f103c6_ADC.o
 .debug_abbrev  0x00000000000005fc      0x208 Stm32_F103C6_Drivers/MCAL/EXTI/Stm32_F103C6_EXTI_Driver.o
 .debug_abbrev  0x0000000000000804      0x23f Stm32_F103C6_Drivers/MCAL/GPIO/Stm32_F103C6_GPIO_Driver.o
 .debug_abbrev  0x0000000000000a43      0x2a1 Stm32_F103C6_Drivers/MCAL/I2C/Stm32_F103C6_I2C_Driver.o
 .debug_abbrev  0x0000000000000ce4      0x261 Stm32_F103C6_Drivers/MCAL/SPI/Stm32_F103C6_SPI_Driver.o
 .debug_abbrev  0x0000000000000f45      0x23f Stm32_F103C6_Drivers/MCAL/TIMER/Stm32_F103C8_TIM_Driver.o
 .debug_abbrev  0x0000000000001184      0x278 Stm32_F103C6_Drivers/MCAL/USART/Stm32_F103C6_USART_Driver.o
 .debug_abbrev  0x00000000000013fc      0x205 Stm32_F103C6_Drivers/MCAL/WWDG/Stm32_F103C8_WWDG_Driver.o

.debug_aranges  0x0000000000000000      0x3a8
 .debug_aranges
                0x0000000000000000       0x28 Src/main.o
 .debug_aranges
                0x0000000000000028       0x28 Startup/startup_stm32f103c8tx.o
 .debug_aranges
                0x0000000000000050       0x38 Stm32_F103C6_Drivers/HAL/Delay/Delay.o
 .debug_aranges
                0x0000000000000088       0x48 Stm32_F103C6_Drivers/MCAL/ADC/STM32f103c6_ADC.o
 .debug_aranges
                0x00000000000000d0       0x80 Stm32_F103C6_Drivers/MCAL/EXTI/Stm32_F103C6_EXTI_Driver.o
 .debug_aranges
                0x0000000000000150       0x68 Stm32_F103C6_Drivers/MCAL/GPIO/Stm32_F103C6_GPIO_Driver.o
 .debug_aranges
                0x00000000000001b8       0xa0 Stm32_F103C6_Drivers/MCAL/I2C/Stm32_F103C6_I2C_Driver.o
 .debug_aranges
                0x0000000000000258       0x58 Stm32_F103C6_Drivers/MCAL/SPI/Stm32_F103C6_SPI_Driver.o
 .debug_aranges
                0x00000000000002b0       0x60 Stm32_F103C6_Drivers/MCAL/TIMER/Stm32_F103C8_TIM_Driver.o
 .debug_aranges
                0x0000000000000310       0x60 Stm32_F103C6_Drivers/MCAL/USART/Stm32_F103C6_USART_Driver.o
 .debug_aranges
                0x0000000000000370       0x38 Stm32_F103C6_Drivers/MCAL/WWDG/Stm32_F103C8_WWDG_Driver.o

.debug_ranges   0x0000000000000000      0x300
 .debug_ranges  0x0000000000000000       0x18 Src/main.o
 .debug_ranges  0x0000000000000018       0x20 Startup/startup_stm32f103c8tx.o
 .debug_ranges  0x0000000000000038       0x28 Stm32_F103C6_Drivers/HAL/Delay/Delay.o
 .debug_ranges  0x0000000000000060       0x38 Stm32_F103C6_Drivers/MCAL/ADC/STM32f103c6_ADC.o
 .debug_ranges  0x0000000000000098       0x70 Stm32_F103C6_Drivers/MCAL/EXTI/Stm32_F103C6_EXTI_Driver.o
 .debug_ranges  0x0000000000000108       0x58 Stm32_F103C6_Drivers/MCAL/GPIO/Stm32_F103C6_GPIO_Driver.o
 .debug_ranges  0x0000000000000160       0x90 Stm32_F103C6_Drivers/MCAL/I2C/Stm32_F103C6_I2C_Driver.o
 .debug_ranges  0x00000000000001f0       0x48 Stm32_F103C6_Drivers/MCAL/SPI/Stm32_F103C6_SPI_Driver.o
 .debug_ranges  0x0000000000000238       0x50 Stm32_F103C6_Drivers/MCAL/TIMER/Stm32_F103C8_TIM_Driver.o
 .debug_ranges  0x0000000000000288       0x50 Stm32_F103C6_Drivers/MCAL/USART/Stm32_F103C6_USART_Driver.o
 .debug_ranges  0x00000000000002d8       0x28 Stm32_F103C6_Drivers/MCAL/WWDG/Stm32_F103C8_WWDG_Driver.o

.debug_macro    0x0000000000000000     0x4de5
 .debug_macro   0x0000000000000000      0x244 Src/main.o
 .debug_macro   0x0000000000000244      0xa60 Src/main.o
 .debug_macro   0x0000000000000ca4       0x18 Src/main.o
 .debug_macro   0x0000000000000cbc       0x22 Src/main.o
 .debug_macro   0x0000000000000cde       0x40 Src/main.o
 .debug_macro   0x0000000000000d1e       0x94 Src/main.o
 .debug_macro   0x0000000000000db2       0x3c Src/main.o
 .debug_macro   0x0000000000000dee       0x34 Src/main.o
 .debug_macro   0x0000000000000e22       0x16 Src/main.o
 .debug_macro   0x0000000000000e38      0x10e Src/main.o
 .debug_macro   0x0000000000000f46       0x8d Src/main.o
 .debug_macro   0x0000000000000fd3       0x57 Src/main.o
 .debug_macro   0x000000000000102a       0x52 Src/main.o
 .debug_macro   0x000000000000107c       0x1f Src/main.o
 .debug_macro   0x000000000000109b       0x43 Src/main.o
 .debug_macro   0x00000000000010de       0x20 Src/main.o
 .debug_macro   0x00000000000010fe      0x1a3 Src/main.o
 .debug_macro   0x00000000000012a1      0x330 Src/main.o
 .debug_macro   0x00000000000015d1       0x16 Src/main.o
 .debug_macro   0x00000000000015e7       0x29 Src/main.o
 .debug_macro   0x0000000000001610       0xef Src/main.o
 .debug_macro   0x00000000000016ff       0x6a Src/main.o
 .debug_macro   0x0000000000001769      0x1df Src/main.o
 .debug_macro   0x0000000000001948      0x7c9 Src/main.o
 .debug_macro   0x0000000000002111       0xd0 Src/main.o
 .debug_macro   0x00000000000021e1      0x229 Src/main.o
 .debug_macro   0x000000000000240a       0x28 Src/main.o
 .debug_macro   0x0000000000002432       0x1c Src/main.o
 .debug_macro   0x000000000000244e       0x22 Src/main.o
 .debug_macro   0x0000000000002470       0xdf Src/main.o
 .debug_macro   0x000000000000254f      0xe3c Src/main.o
 .debug_macro   0x000000000000338b       0x34 Src/main.o
 .debug_macro   0x00000000000033bf       0x22 Src/main.o
 .debug_macro   0x00000000000033e1       0x7d Src/main.o
 .debug_macro   0x000000000000345e       0x28 Src/main.o
 .debug_macro   0x0000000000003486       0x2e Src/main.o
 .debug_macro   0x00000000000034b4       0x16 Src/main.o
 .debug_macro   0x00000000000034ca       0x35 Src/main.o
 .debug_macro   0x00000000000034ff       0x20 Src/main.o
 .debug_macro   0x000000000000351f       0x16 Src/main.o
 .debug_macro   0x0000000000003535       0xe2 Src/main.o
 .debug_macro   0x0000000000003617       0x10 Src/main.o
 .debug_macro   0x0000000000003627       0x1c Src/main.o
 .debug_macro   0x0000000000003643      0x161 Stm32_F103C6_Drivers/HAL/Delay/Delay.o
 .debug_macro   0x00000000000037a4       0xd6 Stm32_F103C6_Drivers/HAL/Delay/Delay.o
 .debug_macro   0x000000000000387a      0x158 Stm32_F103C6_Drivers/MCAL/ADC/STM32f103c6_ADC.o
 .debug_macro   0x00000000000039d2      0x7c9 Stm32_F103C6_Drivers/MCAL/ADC/STM32f103c6_ADC.o
 .debug_macro   0x000000000000419b      0x14e Stm32_F103C6_Drivers/MCAL/EXTI/Stm32_F103C6_EXTI_Driver.o
 .debug_macro   0x00000000000042e9      0x223 Stm32_F103C6_Drivers/MCAL/EXTI/Stm32_F103C6_EXTI_Driver.o
 .debug_macro   0x000000000000450c      0x13f Stm32_F103C6_Drivers/MCAL/GPIO/Stm32_F103C6_GPIO_Driver.o
 .debug_macro   0x000000000000464b      0x15d Stm32_F103C6_Drivers/MCAL/I2C/Stm32_F103C6_I2C_Driver.o
 .debug_macro   0x00000000000047a8      0x160 Stm32_F103C6_Drivers/MCAL/SPI/Stm32_F103C6_SPI_Driver.o
 .debug_macro   0x0000000000004908       0xc2 Stm32_F103C6_Drivers/MCAL/SPI/Stm32_F103C6_SPI_Driver.o
 .debug_macro   0x00000000000049ca      0x151 Stm32_F103C6_Drivers/MCAL/TIMER/Stm32_F103C8_TIM_Driver.o
 .debug_macro   0x0000000000004b1b      0x151 Stm32_F103C6_Drivers/MCAL/USART/Stm32_F103C6_USART_Driver.o
 .debug_macro   0x0000000000004c6c      0x151 Stm32_F103C6_Drivers/MCAL/WWDG/Stm32_F103C8_WWDG_Driver.o
 .debug_macro   0x0000000000004dbd       0x28 Stm32_F103C6_Drivers/MCAL/WWDG/Stm32_F103C8_WWDG_Driver.o

.debug_line     0x0000000000000000     0x545f
 .debug_line    0x0000000000000000      0xc76 Src/main.o
 .debug_line    0x0000000000000c76       0x84 Startup/startup_stm32f103c8tx.o
 .debug_line    0x0000000000000cfa      0x72f Stm32_F103C6_Drivers/HAL/Delay/Delay.o
 .debug_line    0x0000000000001429      0x72f Stm32_F103C6_Drivers/MCAL/ADC/STM32f103c6_ADC.o
 .debug_line    0x0000000000001b58      0x7f5 Stm32_F103C6_Drivers/MCAL/EXTI/Stm32_F103C6_EXTI_Driver.o
 .debug_line    0x000000000000234d      0x6cc Stm32_F103C6_Drivers/MCAL/GPIO/Stm32_F103C6_GPIO_Driver.o
 .debug_line    0x0000000000002a19      0x9e5 Stm32_F103C6_Drivers/MCAL/I2C/Stm32_F103C6_I2C_Driver.o
 .debug_line    0x00000000000033fe      0x804 Stm32_F103C6_Drivers/MCAL/SPI/Stm32_F103C6_SPI_Driver.o
 .debug_line    0x0000000000003c02      0x8b9 Stm32_F103C6_Drivers/MCAL/TIMER/Stm32_F103C8_TIM_Driver.o
 .debug_line    0x00000000000044bb      0x885 Stm32_F103C6_Drivers/MCAL/USART/Stm32_F103C6_USART_Driver.o
 .debug_line    0x0000000000004d40      0x71f Stm32_F103C6_Drivers/MCAL/WWDG/Stm32_F103C8_WWDG_Driver.o

.debug_str      0x0000000000000000    0x12dfb
 .debug_str     0x0000000000000000    0x112ea Src/main.o
                                      0x11569 (size before relaxing)
 .debug_str     0x00000000000112ea       0x74 Startup/startup_stm32f103c8tx.o
 .debug_str     0x000000000001135e      0x140 Stm32_F103C6_Drivers/HAL/Delay/Delay.o
                                       0x9fc1 (size before relaxing)
 .debug_str     0x000000000001149e      0x281 Stm32_F103C6_Drivers/MCAL/ADC/STM32f103c6_ADC.o
                                       0x9f89 (size before relaxing)
 .debug_str     0x000000000001171f      0x280 Stm32_F103C6_Drivers/MCAL/EXTI/Stm32_F103C6_EXTI_Driver.o
                                       0xb11c (size before relaxing)
 .debug_str     0x000000000001199f      0x130 Stm32_F103C6_Drivers/MCAL/GPIO/Stm32_F103C6_GPIO_Driver.o
                                       0x9d78 (size before relaxing)
 .debug_str     0x0000000000011acf      0x651 Stm32_F103C6_Drivers/MCAL/I2C/Stm32_F103C6_I2C_Driver.o
                                       0xa332 (size before relaxing)
 .debug_str     0x0000000000012120      0x86d Stm32_F103C6_Drivers/MCAL/SPI/Stm32_F103C6_SPI_Driver.o
                                       0xa4c0 (size before relaxing)
 .debug_str     0x000000000001298d      0x190 Stm32_F103C6_Drivers/MCAL/TIMER/Stm32_F103C8_TIM_Driver.o
                                       0xa17a (size before relaxing)
 .debug_str     0x0000000000012b1d      0x1b4 Stm32_F103C6_Drivers/MCAL/USART/Stm32_F103C6_USART_Driver.o
                                       0xa484 (size before relaxing)
 .debug_str     0x0000000000012cd1      0x12a Stm32_F103C6_Drivers/MCAL/WWDG/Stm32_F103C8_WWDG_Driver.o
                                       0x9e81 (size before relaxing)

.comment        0x0000000000000000       0x7b
 .comment       0x0000000000000000       0x7b Src/main.o
                                         0x7c (size before relaxing)
 .comment       0x000000000000007b       0x7c Stm32_F103C6_Drivers/HAL/Delay/Delay.o
 .comment       0x000000000000007b       0x7c Stm32_F103C6_Drivers/MCAL/ADC/STM32f103c6_ADC.o
 .comment       0x000000000000007b       0x7c Stm32_F103C6_Drivers/MCAL/EXTI/Stm32_F103C6_EXTI_Driver.o
 .comment       0x000000000000007b       0x7c Stm32_F103C6_Drivers/MCAL/GPIO/Stm32_F103C6_GPIO_Driver.o
 .comment       0x000000000000007b       0x7c Stm32_F103C6_Drivers/MCAL/I2C/Stm32_F103C6_I2C_Driver.o
 .comment       0x000000000000007b       0x7c Stm32_F103C6_Drivers/MCAL/SPI/Stm32_F103C6_SPI_Driver.o
 .comment       0x000000000000007b       0x7c Stm32_F103C6_Drivers/MCAL/TIMER/Stm32_F103C8_TIM_Driver.o
 .comment       0x000000000000007b       0x7c Stm32_F103C6_Drivers/MCAL/USART/Stm32_F103C6_USART_Driver.o
 .comment       0x000000000000007b       0x7c Stm32_F103C6_Drivers/MCAL/WWDG/Stm32_F103C8_WWDG_Driver.o

.debug_frame    0x0000000000000000      0xc60
 .debug_frame   0x0000000000000000       0x50 Src/main.o
 .debug_frame   0x0000000000000050       0x9c Stm32_F103C6_Drivers/HAL/Delay/Delay.o
 .debug_frame   0x00000000000000ec       0xec Stm32_F103C6_Drivers/MCAL/ADC/STM32f103c6_ADC.o
 .debug_frame   0x00000000000001d8      0x1b0 Stm32_F103C6_Drivers/MCAL/EXTI/Stm32_F103C6_EXTI_Driver.o
 .debug_frame   0x0000000000000388      0x1a0 Stm32_F103C6_Drivers/MCAL/GPIO/Stm32_F103C6_GPIO_Driver.o
 .debug_frame   0x0000000000000528      0x288 Stm32_F103C6_Drivers/MCAL/I2C/Stm32_F103C6_I2C_Driver.o
 .debug_frame   0x00000000000007b0      0x148 Stm32_F103C6_Drivers/MCAL/SPI/Stm32_F103C6_SPI_Driver.o
 .debug_frame   0x00000000000008f8      0x15c Stm32_F103C6_Drivers/MCAL/TIMER/Stm32_F103C8_TIM_Driver.o
 .debug_frame   0x0000000000000a54      0x14c Stm32_F103C6_Drivers/MCAL/USART/Stm32_F103C6_USART_Driver.o
 .debug_frame   0x0000000000000ba0       0x94 Stm32_F103C6_Drivers/MCAL/WWDG/Stm32_F103C8_WWDG_Driver.o
 .debug_frame   0x0000000000000c34       0x2c c:/st/stm32cubeide_1.4.0/stm32cubeide/plugins/com.st.stm32cube.ide.mcu.externaltools.gnu-tools-for-stm32.7-2018-q2-update.win32_1.4.0.202007081208/tools/bin/../lib/gcc/arm-none-eabi/7.3.1/../../../../arm-none-eabi/lib/thumb/v7-m\libc_nano.a(lib_a-init.o)
