../Stm32_F103C6_Drivers/MCAL/USART/Stm32_F103C6_USART_Driver.c:56:6:MCAL_UART_Init	32	static
../Stm32_F103C6_Drivers/MCAL/USART/Stm32_F103C6_USART_Driver.c:140:6:MCAL_UART_DeInit	16	static
../Stm32_F103C6_Drivers/MCAL/USART/Stm32_F103C6_USART_Driver.c:177:6:MCAL_UART_SendData	24	static
../Stm32_F103C6_Drivers/MCAL/USART/Stm32_F103C6_USART_Driver.c:235:6:MCAL_UART_WAIT_TC	16	static
../Stm32_F103C6_Drivers/MCAL/USART/Stm32_F103C6_USART_Driver.c:250:6:MCAL_UART_ReceiveData	32	static
../Stm32_F103C6_Drivers/MCAL/USART/Stm32_F103C6_USART_Driver.c:325:6:MCAL_UART_GPIO_Set_Pins	24	static
../Stm32_F103C6_Drivers/MCAL/USART/Stm32_F103C6_USART_Driver.c:451:6:USART1_IRQHandler	8	static
../Stm32_F103C6_Drivers/MCAL/USART/Stm32_F103C6_USART_Driver.c:458:6:USART2_IRQHandler	8	static
../Stm32_F103C6_Drivers/MCAL/USART/Stm32_F103C6_USART_Driver.c:465:6:USART3_IRQHandler	8	static
