Stm32_F103C8_TIM_Driver.c:54:14:MCAL_TIM_Init	24	static
Stm32_F103C8_TIM_Driver.c:142:6:MCAL_TIM_DeInit	16	static
Stm32_F103C8_TIM_Driver.c:169:6:MCAL_TIM_GPIO_Set_Pins	16	static
Stm32_F103C8_TIM_Driver.c:184:14:MCAL_TIM_Start	16	static
Stm32_F103C8_TIM_Driver.c:217:14:MCAL_TIM_Stop	16	static
Stm32_F103C8_TIM_Driver.c:249:14:MCAL_TIM_Count_Reset	16	static
Stm32_F103C8_TIM_Driver.c:271:6:TIM2_IRQHandler	8	static
Stm32_F103C8_TIM_Driver.c:278:6:TIM3_IRQHandler	8	static
Stm32_F103C8_TIM_Driver.c:283:6:TIM4_IRQHandler	8	static
