Stm32_F103C8_TIM_Driver.c:54:14:MCAL_TIM_Init	16	static
Stm32_F103C8_TIM_Driver.c:164:6:MCAL_TIM_DeInit	16	static
Stm32_F103C8_TIM_Driver.c:191:6:MCAL_TIM_GPIO_Set_Pins	16	static
Stm32_F103C8_TIM_Driver.c:206:14:MCAL_TIM_Start	16	static
Stm32_F103C8_TIM_Driver.c:239:14:MCAL_TIM_Stop	16	static
Stm32_F103C8_TIM_Driver.c:271:14:MCAL_TIM_Count_Reset	16	static
Stm32_F103C8_TIM_Driver.c:293:6:TIM2_IRQHandler	8	static
Stm32_F103C8_TIM_Driver.c:300:6:TIM3_IRQHandler	8	static
Stm32_F103C8_TIM_Driver.c:305:6:TIM4_IRQHandler	8	static
